KM_ELC_TIMING read=0.20s (257 MB)
KM_ELC_TIMING parse=2.94s (1062240 clauses)
KM_ELC_CERT checking 217 residual clauses
Command exited with non-zero status 124
	Command being timed: "/usr/bin/timeout --signal=INT --kill-after=10s 240 env KM_ELC_CERT=2 KM_ELC_DEBUG=1 KM_ELC_TIMING=1 KM_ELC_NO_BRIDGE_PREP=1 /home/leechuck/km-frontend/kobayashi-marust/engine/target/release/elc"
	User time (seconds): 228.83
	System time (seconds): 11.57
	Percent of CPU this job got: 99%
	Elapsed (wall clock) time (h:mm:ss or m:ss): 4:00.47
	Average shared text size (kbytes): 0
	Average unshared data size (kbytes): 0
	Average stack size (kbytes): 0
	Average total size (kbytes): 0
	Maximum resident set size (kbytes): 6725348
	Average resident set size (kbytes): 0
	Major (requiring I/O) page faults: 0
	Minor (reclaiming a frame) page faults: 5511815
	Voluntary context switches: 4
	Involuntary context switches: 1514
	Swaps: 0
	File system inputs: 0
	File system outputs: 0
	Socket messages sent: 0
	Socket messages received: 0
	Signals delivered: 0
	Page size (bytes): 4096
	Exit status: 124
