Note: Some input files use or override a deprecated API.
Note: Recompile with -Xlint:deprecation for details.
PASS: pinned runtime closes live stream before EOF; draining first preserves response and consumes trailing newline.
SLF4J: Failed to load class "org.slf4j.impl.StaticLoggerBinder".
SLF4J: Defaulting to no-operation (NOP) logger implementation
SLF4J: See http://www.slf4j.org/codes.html#StaticLoggerBinder for further details.
SLF4J: Failed to load class "org.slf4j.impl.StaticLoggerBinder".
SLF4J: Defaulting to no-operation (NOP) logger implementation
SLF4J: See http://www.slf4j.org/codes.html#StaticLoggerBinder for further details.
Note: Some input files use or override a deprecated API.
Note: Recompile with -Xlint:deprecation for details.
PASS: pinned runtime closes live stream before EOF; draining first preserves response and consumes trailing newline.
Note: Some input files use or override a deprecated API.
Note: Recompile with -Xlint:deprecation for details.
PASS: pinned runtime closes live stream before EOF; draining first preserves response and consumes trailing newline.
SLF4J: Failed to load class "org.slf4j.impl.StaticLoggerBinder".
SLF4J: Defaulting to no-operation (NOP) logger implementation
SLF4J: See http://www.slf4j.org/codes.html#StaticLoggerBinder for further details.
SLF4J: Failed to load class "org.slf4j.impl.StaticLoggerBinder".
SLF4J: Defaulting to no-operation (NOP) logger implementation
SLF4J: See http://www.slf4j.org/codes.html#StaticLoggerBinder for further details.
Note: Some input files use or override a deprecated API.
Note: Recompile with -Xlint:deprecation for details.
PASS: pinned runtime closes live stream before EOF; draining first preserves response and consumes trailing newline.
