cb_to_ht [emelim] eliminated 0 complementary pairs
cb_to_ht [trigger-absorb] definers=34064 moved=0 tautologies=1627
bridge [source-tbox] axioms=130282 eq=1519/1519 ["UBERON_0000072", "UBERON_0000073", "UBERON_0000168", "UBERON_0000218", "UBERON_0000219", "UBERON_0000313", "UBERON_0000320", "UBERON_0000365", "UBERON_0000398", "UBERON_0000420", "UBERON_0000443", "UBERON_0000456", "UBERON_0000487", "UBERON_0000489", "UBERON_0000983", "UBERON_0001010", "UBERON_0001028", "UBERON_0001066", "UBERON_0001087", "UBERON_0001095", "UBERON_0001119", "UBERON_0001120", "UBERON_0001166", "UBERON_0001185", "UBERON_0001186", "UBERON_0001193", "UBERON_0001203", "UBERON_0001222", "UBERON_0001223", "UBERON_0001248", "UBERON_0001252", "UBERON_0001268", "UBERON_0001302", "UBERON_0001303", "UBERON_0001304", "UBERON_0001383", "UBERON_0001457", "UBERON_0001480", "UBERON_0001483", "UBERON_0001502", "UBERON_0001616", "UBERON_0001813", "UBERON_0001816", "UBERON_0001826", "UBERON_0001948", "UBERON_0001960", "UBERON_0002075", "UBERON_0002118", "UBERON_0002119", "UBERON_0002177", "UBERON_0002178", "UBERON_0002409", "UBERON_0002414", "UBERON_0002419", "UBERON_0002429", "UBERON_0002466", "UBERON_0002510", "UBERON_0002548", "UBERON_0002576", "UBERON_0002616", "UBERON_0002619", "UBERON_0002635", "UBERON_0002653", "UBERON_0002678", "UBERON_0002726", "UBERON_0002780", "UBERON_0002785", "UBERON_0002792", "UBERON_0002795", "UBERON_0002804", "UBERON_0002805", "UBERON_0002808", "UBERON_0002809", "UBERON_0002946", "UBERON_0002950", "UBERON_0002966", "UBERON_0003035", "UBERON_0003038", "UBERON_0003119", "UBERON_0003120", "UBERON_0003121", "UBERON_0003122", "UBERON_0003123", "UBERON_0003143", "UBERON_0003219", "UBERON_0003224", "UBERON_0003225", "UBERON_0003235", "UBERON_0003236", "UBERON_0003238", "UBERON_0003239", "UBERON_0003240", "UBERON_0003243", "UBERON_0003246", "UBERON_0003249", "UBERON_0003253", "UBERON_0003258", "UBERON_0003259", "UBERON_0003260", "UBERON_0003264", "UBERON_0003269", "UBERON_0003270", "UBERON_0003271", "UBERON_0003272", "UBERON_0003274", "UBERON_0003276", "UBERON_0003279", "UBERON_0003280", "UBERON_0003282", "UBERON_0003283", "UBERON_0003284", "UBERON_0003285", "UBERON_0003286", "UBERON_0003287", "UBERON_0003288", "UBERON_0003289", "UBERON_0003290", "UBERON_0003292", "UBERON_0003293", "UBERON_0003294", "UBERON_0003296", "UBERON_0003297", "UBERON_0003298", "UBERON_0003299", "UBERON_0003300", "UBERON_0003301", "UBERON_0003302", "UBERON_0003303", "UBERON_0003304", "UBERON_0003305", "UBERON_0003307", "UBERON_0003308", "UBERON_0003309", "UBERON_0003310", "UBERON_0003311", "UBERON_0003312", "UBERON_0003315", "UBERON_0003316", "UBERON_0003317", "UBERON_0003318", "UBERON_0003319", "UBERON_0003320", "UBERON_0003321", "UBERON_0003322", "UBERON_0003323", "UBERON_0003325", "UBERON_0003326", "UBERON_0003329", "UBERON_0003330", "UBERON_0003331", "UBERON_0003332", "UBERON_0003333", "UBERON_0003334", "UBERON_0003335", "UBERON_0003336", "UBERON_0003337", "UBERON_0003338", "UBERON_0003339", "UBERON_0003342", "UBERON_0003343", "UBERON_0003346", "UBERON_0003350", "UBERON_0003353", "UBERON_0003354", "UBERON_0003355", "UBERON_0003356", "UBERON_0003357", "UBERON_0003358", "UBERON_0003359", "UBERON_0003360", "UBERON_0003361", "UBERON_0003362", "UBERON_0003363", "UBERON_0003364", "UBERON_0003365", "UBERON_0003366", "UBERON_0003368", "UBERON_0003372", "UBERON_0003373", "UBERON_0003379", "UBERON_0003380", "UBERON_0003383", "UBERON_0003384", "UBERON_0003385", "UBERON_0003386", "UBERON_0003387", "UBERON_0003388", "UBERON_0003389", "UBERON_0003390", "UBERON_0003393", "UBERON_0003394", "UBERON_0003395", "UBERON_0003397", "UBERON_0003398", "UBERON_0003403", "UBERON_0003404", "UBERON_0003405", "UBERON_0003406", "UBERON_0003407", "UBERON_0003408", "UBERON_0003409", "UBERON_0003410", "UBERON_0003411", "UBERON_0003412", "UBERON_0003413", "UBERON_0003414", "UBERON_0003415", "UBERON_0003416", "UBERON_0003417", "UBERON_0003418", "UBERON_0003419", "UBERON_0003420", "UBERON_0003424", "UBERON_0003425", "UBERON_0003426", "UBERON_0003427", "UBERON_0003428", "UBERON_0003429", "UBERON_0003430", "UBERON_0003431", "UBERON_0003432", "UBERON_0003433", "UBERON_0003434", "UBERON_0003435", "UBERON_0003436", "UBERON_0003437", "UBERON_0003438", "UBERON_0003439", "UBERON_0003440", "UBERON_0003441", "UBERON_0003442", "UBERON_0003443", "UBERON_0003444", "UBERON_0003445", "UBERON_0003446", "UBERON_0003447", "UBERON_0003448", "UBERON_0003449", "UBERON_0003450", "UBERON_0003451", "UBERON_0003452", "UBERON_0003453", "UBERON_0003455", "UBERON_0003456", "UBERON_0003457", "UBERON_0003458", "UBERON_0003459", "UBERON_0003463", "UBERON_0003466", "UBERON_0003469", "UBERON_0003470", "UBERON_0003471", "UBERON_0003472", "UBERON_0003473", "UBERON_0003474", "UBERON_0003475", "UBERON_0003476", "UBERON_0003477", "UBERON_0003478", "UBERON_0003479", "UBERON_0003480", "UBERON_0003481", "UBERON_0003482", "UBERON_0003483", "UBERON_0003484", "UBERON_0003485", "UBERON_0003486", "UBERON_0003487", "UBERON_0003488", "UBERON_0003489", "UBERON_0003490", "UBERON_0003492", "UBERON_0003493", "UBERON_0003494", "UBERON_0003495", "UBERON_0003496", "UBERON_0003497", "UBERON_0003498", "UBERON_0003499", "UBERON_0003500", "UBERON_0003502", "UBERON_0003503", "UBERON_0003504", "UBERON_0003505", "UBERON_0003506", "UBERON_0003507", "UBERON_0003508", "UBERON_0003509", "UBERON_0003510", "UBERON_0003512", "UBERON_0003513", "UBERON_0003514", "UBERON_0003515", "UBERON_0003516", "UBERON_0003518", "UBERON_0003519", "UBERON_0003520", "UBERON_0003521", "UBERON_0003522", "UBERON_0003523", "UBERON_0003524", "UBERON_0003526", "UBERON_0003527", "UBERON_0003528", "UBERON_0003530", "UBERON_0003531", "UBERON_0003532", "UBERON_0003533", "UBERON_0003534", "UBERON_0003535", "UBERON_0003538", "UBERON_0003539", "UBERON_0003540", "UBERON_0003541", "UBERON_0003542", "UBERON_0003543", "UBERON_0003544", "UBERON_0003547", "UBERON_0003548", "UBERON_0003549", "UBERON_0003550", "UBERON_0003551", "UBERON_0003552", "UBERON_0003553", "UBERON_0003554", "UBERON_0003555", "UBERON_0003556", "UBERON_0003557", "UBERON_0003558", "UBERON_0003559", "UBERON_0003560", "UBERON_0003561", "UBERON_0003562", "UBERON_0003563", "UBERON_0003564", "UBERON_0003565", "UBERON_0003566", "UBERON_0003567", "UBERON_0003568", "UBERON_0003569", "UBERON_0003570", "UBERON_0003571", "UBERON_0003572", "UBERON_0003573", "UBERON_0003574", "UBERON_0003575", "UBERON_0003576", "UBERON_0003577", "UBERON_0003578", "UBERON_0003579", "UBERON_0003580", "UBERON_0003581", "UBERON_0003582", "UBERON_0003583", "UBERON_0003584", "UBERON_0003586", "UBERON_0003587", "UBERON_0003588", "UBERON_0003589", "UBERON_0003590", "UBERON_0003591", "UBERON_0003592", "UBERON_0003593", "UBERON_0003594", "UBERON_0003595", "UBERON_0003596", "UBERON_0003597", "UBERON_0003598", "UBERON_0003599", "UBERON_0003601", "UBERON_0003603", "UBERON_0003605", "UBERON_0003606", "UBERON_0003607", "UBERON_0003608", "UBERON_0003609", "UBERON_0003610", "UBERON_0003614", "UBERON_0003615", "UBERON_0003643", "UBERON_0003644", "UBERON_0003657", "UBERON_0003658", "UBERON_0003659", "UBERON_0003660", "UBERON_0003661", "UBERON_0003662", "UBERON_0003663", "UBERON_0003664", "UBERON_0003665", "UBERON_0003666", "UBERON_0003667", "UBERON_0003697", "UBERON_0003729", "UBERON_0003824", "UBERON_0003825", "UBERON_0003826", "UBERON_0003827", "UBERON_0003828", "UBERON_0003829", "UBERON_0003830", "UBERON_0003831", "UBERON_0003833", "UBERON_0003834", "UBERON_0003835", "UBERON_0003837", "UBERON_0003838", "UBERON_0003839", "UBERON_0003840", "UBERON_0003841", "UBERON_0003842", "UBERON_0003844", "UBERON_0003845", "UBERON_0003846", "UBERON_0003848", "UBERON_0003850", "UBERON_0003851", "UBERON_0003852", "UBERON_0003853", "UBERON_0003855", "UBERON_0003859", "UBERON_0003860", "UBERON_0003869", "UBERON_0003928", "UBERON_0003929", "UBERON_0003930", "UBERON_0003931", "UBERON_0003932", "UBERON_0003933", "UBERON_0003934", "UBERON_0003935", "UBERON_0003942", "UBERON_0003975", "UBERON_0004003", "UBERON_0004015", "UBERON_0004041", "UBERON_0004054", "UBERON_0004070", "UBERON_0004099", "UBERON_0004109", "UBERON_0004123", "UBERON_0004177", "UBERON_0004185", "UBERON_0004214", "UBERON_0004215", "UBERON_0004216", "UBERON_0004217", "UBERON_0004218", "UBERON_0004219", "UBERON_0004223", "UBERON_0004225", "UBERON_0004226", "UBERON_0004227", "UBERON_0004228", "UBERON_0004229", "UBERON_0004230", "UBERON_0004231", "UBERON_0004232", "UBERON_0004233", "UBERON_0004235", "UBERON_0004236", "UBERON_0004237", "UBERON_0004238", "UBERON_0004240", "UBERON_0004241", "UBERON_0004242", "UBERON_0004245", "UBERON_0004246", "UBERON_0004247", "UBERON_0004248", "UBERON_0004249", "UBERON_0004250", "UBERON_0004251", "UBERON_0004252", "UBERON_0004253", "UBERON_0004254", "UBERON_0004255", "UBERON_0004256", "UBERON_0004257", "UBERON_0004258", "UBERON_0004259", "UBERON_0004260", "UBERON_0004261", "UBERON_0004262", "UBERON_0004263", "UBERON_0004264", "UBERON_0004265", "UBERON_0004266", "UBERON_0004267", "UBERON_0004268", "UBERON_0004269", "UBERON_0004270", "UBERON_0004271", "UBERON_0004273", "UBERON_0004274", "UBERON_0004294", "UBERON_0004295", "UBERON_0004297", "UBERON_0004311", "UBERON_0004312", "UBERON_0004313", "UBERON_0004314", "UBERON_0004315", "UBERON_0004316", "UBERON_0004317", "UBERON_0004318", "UBERON_0004319", "UBERON_0004320", "UBERON_0004321", "UBERON_0004322", "UBERON_0004323", "UBERON_0004324", "UBERON_0004325", "UBERON_0004326", "UBERON_0004327", "UBERON_0004337", "UBERON_0004353", "UBERON_0004354", "UBERON_0004365", "UBERON_0004374", "UBERON_0004375", "UBERON_0004376", "UBERON_0004377", "UBERON_0004378", "UBERON_0004379", "UBERON_0004380", "UBERON_0004382", "UBERON_0004383", "UBERON_0004384", "UBERON_0004385", "UBERON_0004386", "UBERON_0004387", "UBERON_0004388", "UBERON_0004389", "UBERON_0004390", "UBERON_0004391", "UBERON_0004392", "UBERON_0004393", "UBERON_0004394", "UBERON_0004395", "UBERON_0004396", "UBERON_0004397", "UBERON_0004398", "UBERON_0004399", "UBERON_0004400", "UBERON_0004401", "UBERON_0004402", "UBERON_0004403", "UBERON_0004404", "UBERON_0004405", "UBERON_0004406", "UBERON_0004407", "UBERON_0004408", "UBERON_0004409", "UBERON_0004410", "UBERON_0004411", "UBERON_0004412", "UBERON_0004413", "UBERON_0004414", "UBERON_0004415", "UBERON_0004416", "UBERON_0004417", "UBERON_0004418", "UBERON_0004419", "UBERON_0004420", "UBERON_0004421", "UBERON_0004422", "UBERON_0004423", "UBERON_0004424", "UBERON_0004425", "UBERON_0004426", "UBERON_0004427", "UBERON_0004428", "UBERON_0004429", "UBERON_0004430", "UBERON_0004431", "UBERON_0004432", "UBERON_0004433", "UBERON_0004434", "UBERON_0004435", "UBERON_0004436", "UBERON_0004437", "UBERON_0004438", "UBERON_0004439", "UBERON_0004440", "UBERON_0004441", "UBERON_0004442", "UBERON_0004443", "UBERON_0004444", "UBERON_0004445", "UBERON_0004446", "UBERON_0004447", "UBERON_0004448", "UBERON_0004461", "UBERON_0004462", "UBERON_0004463", "UBERON_0004464", "UBERON_0004465", "UBERON_0004466", "UBERON_0004468", "UBERON_0004469", "UBERON_0004470", "UBERON_0004471", "UBERON_0004472", "UBERON_0004473", "UBERON_0004474", "UBERON_0004475", "UBERON_0004476", "UBERON_0004477", "UBERON_0004478", "UBERON_0004479", "UBERON_0004480", "UBERON_0004481", "UBERON_0004482", "UBERON_0004483", "UBERON_0004484", "UBERON_0004485", "UBERON_0004486", "UBERON_0004487", "UBERON_0004488", "UBERON_0004489", "UBERON_0004490", "UBERON_0004491", "UBERON_0004492", "UBERON_0004494", "UBERON_0004495", "UBERON_0004496", "UBERON_0004497", "UBERON_0004498", "UBERON_0004499", "UBERON_0004500", "UBERON_0004501", "UBERON_0004502", "UBERON_0004503", "UBERON_0004504", "UBERON_0004505", "UBERON_0004506", "UBERON_0004507", "UBERON_0004508", "UBERON_0004509", "UBERON_0004510", "UBERON_0004511", "UBERON_0004512", "UBERON_0004513", "UBERON_0004514", "UBERON_0004515", "UBERON_0004516", "UBERON_0004517", "UBERON_0004518", "UBERON_0004521", "UBERON_0004522", "UBERON_0004523", "UBERON_0004524", "UBERON_0004525", "UBERON_0004526", "UBERON_0004527", "UBERON_0004528", "UBERON_0004544", "UBERON_0004548", "UBERON_0004549", "UBERON_0004550", "UBERON_0004552", "UBERON_0004553", "UBERON_0004554", "UBERON_0004563", "UBERON_0004564", "UBERON_0004573", "UBERON_0004638", "UBERON_0004641", "UBERON_0004642", "UBERON_0004643", "UBERON_0004644", "UBERON_0004652", "UBERON_0004663", "UBERON_0004665", "UBERON_0004667", "UBERON_0004668", "UBERON_0004692", "UBERON_0004693", "UBERON_0004694", "UBERON_0004695", "UBERON_0004698", "UBERON_0004699", "UBERON_0004700", "UBERON_0004701", "UBERON_0004733", "UBERON_0004736", "UBERON_0004737", "UBERON_0004738", "UBERON_0004756", "UBERON_0004758", "UBERON_0004759", "UBERON_0004760", "UBERON_0004766", "UBERON_0004773", "UBERON_0004774", "UBERON_0004775", "UBERON_0004776", "UBERON_0004778", "UBERON_0004780", "UBERON_0004781", "UBERON_0004783", "UBERON_0004784", "UBERON_0004785", "UBERON_0004787", "UBERON_0004788", "UBERON_0004790", "UBERON_0004792", "UBERON_0004793", "UBERON_0004794", "UBERON_0004795", "UBERON_0004797", "UBERON_0004798", "UBERON_0004799", "UBERON_0004800", "UBERON_0004801", "UBERON_0004803", "UBERON_0004805", "UBERON_0004806", "UBERON_0004807", "UBERON_0004808", "UBERON_0004810", "UBERON_0004811", "UBERON_0004812", "UBERON_0004814", "UBERON_0004815", "UBERON_0004816", "UBERON_0004817", "UBERON_0004818", "UBERON_0004820", "UBERON_0004822", "UBERON_0004823", "UBERON_0004827", "UBERON_0004830", "UBERON_0004832", "UBERON_0004833", "UBERON_0004834", "UBERON_0004835", "UBERON_0004850", "UBERON_0004851", "UBERON_0004852", "UBERON_0004854", "UBERON_0004857", "UBERON_0004859", "UBERON_0004863", "UBERON_0004867", "UBERON_0004886", "UBERON_0004887", "UBERON_0004888", "UBERON_0004889", "UBERON_0004891", "UBERON_0004894", "UBERON_0004895", "UBERON_0004896", "UBERON_0004897", "UBERON_0004899", "UBERON_0004900", "UBERON_0004901", "UBERON_0004906", "UBERON_0004909", "UBERON_0004910", "UBERON_0004911", "UBERON_0004913", "UBERON_0004915", "UBERON_0004924", "UBERON_0004925", "UBERON_0004926", "UBERON_0004927", "UBERON_0004928", "UBERON_0004929", "UBERON_0004930", "UBERON_0004931", "UBERON_0004932", "UBERON_0004933", "UBERON_0004934", "UBERON_0004935", "UBERON_0004936", "UBERON_0004937", "UBERON_0004938", "UBERON_0004939", "UBERON_0004940", "UBERON_0004941", "UBERON_0004942", "UBERON_0004943", "UBERON_0004944", "UBERON_0004945", "UBERON_0004946", "UBERON_0004947", "UBERON_0004948", "UBERON_0004949", "UBERON_0004950", "UBERON_0004951", "UBERON_0004952", "UBERON_0004980", "UBERON_0004982", "UBERON_0004983", "UBERON_0004984", "UBERON_0004985", "UBERON_0004986", "UBERON_0004987", "UBERON_0004988", "UBERON_0004989", "UBERON_0004990", "UBERON_0004991", "UBERON_0004992", "UBERON_0004993", "UBERON_0004994", "UBERON_0004995", "UBERON_0004996", "UBERON_0004997", "UBERON_0004998", "UBERON_0004999", "UBERON_0005000", "UBERON_0005001", "UBERON_0005002", "UBERON_0005003", "UBERON_0005004", "UBERON_0005005", "UBERON_0005006", "UBERON_0005007", "UBERON_0005008", "UBERON_0005009", "UBERON_0005010", "UBERON_0005011", "UBERON_0005012", "UBERON_0005013", "UBERON_0005014", "UBERON_0005015", "UBERON_0005016", "UBERON_0005017", "UBERON_0005018", "UBERON_0005019", "UBERON_0005020", "UBERON_0005021", "UBERON_0005022", "UBERON_0005023", "UBERON_0005024", "UBERON_0005025", "UBERON_0005026", "UBERON_0005027", "UBERON_0005028", "UBERON_0005029", "UBERON_0005030", "UBERON_0005031", "UBERON_0005032", "UBERON_0005033", "UBERON_0005034", "UBERON_0005035", "UBERON_0005036", "UBERON_0005037", "UBERON_0005038", "UBERON_0005039", "UBERON_0005040", "UBERON_0005041", "UBERON_0005042", "UBERON_0005043", "UBERON_0005044", "UBERON_0005045", "UBERON_0005046", "UBERON_0005047", "UBERON_0005048", "UBERON_0005049", "UBERON_0005055", "UBERON_0005057", "UBERON_0005058", "UBERON_0005103", "UBERON_0005108", "UBERON_0005109", "UBERON_0005111", "UBERON_0005114", "UBERON_0005115", "UBERON_0005116", "UBERON_0005117", "UBERON_0005118", "UBERON_0005119", "UBERON_0005120", "UBERON_0005121", "UBERON_0005122", "UBERON_0005123", "UBERON_0005124", "UBERON_0005125", "UBERON_0005126", "UBERON_0005127", "UBERON_0005129", "UBERON_0005132", "UBERON_0005133", "UBERON_0005135", "UBERON_0005136", "UBERON_0005139", "UBERON_0005140", "UBERON_0005141", "UBERON_0005144", "UBERON_0005145", "UBERON_0005149", "UBERON_0005151", "UBERON_0005158", "UBERON_0005172", "UBERON_0005174", "UBERON_0005175", "UBERON_0005177", "UBERON_0005178", "UBERON_0005179", "UBERON_0005184", "UBERON_0005185", "UBERON_0005186", "UBERON_0005187", "UBERON_0005191", "UBERON_0005192", "UBERON_0005193", "UBERON_0005194", "UBERON_0005195", "UBERON_0005199", "UBERON_0005204", "UBERON_0005205", "UBERON_0005206", "UBERON_0005207", "UBERON_0005208", "UBERON_0005213", "UBERON_0005214", "UBERON_0005216", "UBERON_0005217", "UBERON_0005218", "UBERON_0005219", "UBERON_0005220", "UBERON_0005221", "UBERON_0005222", "UBERON_0005223", "UBERON_0005224", "UBERON_0005234", "UBERON_0005238", "UBERON_0005243", "UBERON_0005244", "UBERON_0005245", "UBERON_0005248", "UBERON_0005249", "UBERON_0005250", "UBERON_0005251", "UBERON_0005254", "UBERON_0005256", "UBERON_0005258", "UBERON_0005259", "UBERON_0005261", "UBERON_0005262", "UBERON_0005263", "UBERON_0005267", "UBERON_0005268", "UBERON_0005269", "UBERON_0005276", "UBERON_0005277", "UBERON_0005284", "UBERON_0005292", "UBERON_0005298", "UBERON_0005334", "UBERON_0005337", "UBERON_0005338", "UBERON_0005357", "UBERON_0005384", "UBERON_0005399", "UBERON_0005400", "UBERON_0005415", "UBERON_0005416", "UBERON_0005418", "UBERON_0005457", "UBERON_0005458", "UBERON_0005459", "UBERON_0005460", "UBERON_0005469", "UBERON_0005470", "UBERON_0005471", "UBERON_0005472", "UBERON_0005476", "UBERON_0005501", "UBERON_0005567", "UBERON_0005568", "UBERON_0005570", "UBERON_0005571", "UBERON_0005572", "UBERON_0005573", "UBERON_0005574", "UBERON_0005575", "UBERON_0005576", "UBERON_0005577", "UBERON_0005578", "UBERON_0005579", "UBERON_0005580", "UBERON_0005581", "UBERON_0005582", "UBERON_0005583", "UBERON_0005584", "UBERON_0005585", "UBERON_0005586", "UBERON_0005587", "UBERON_0005588", "UBERON_0005589", "UBERON_0005590", "UBERON_0005598", "UBERON_0005636", "UBERON_0005637", "UBERON_0005638", "UBERON_0005639", "UBERON_0005640", "UBERON_0005641", "UBERON_0005643", "UBERON_0005644", "UBERON_0005645", "UBERON_0005646", "UBERON_0005647", "UBERON_0005648", "UBERON_0005649", "UBERON_0005650", "UBERON_0005651", "UBERON_0005652", "UBERON_0005653", "UBERON_0005654", "UBERON_0005655", "UBERON_0005656", "UBERON_0005657", "UBERON_0005658", "UBERON_0005659", "UBERON_0005660", "UBERON_0005661", "UBERON_0005662", "UBERON_0005664", "UBERON_0005665", "UBERON_0005666", "UBERON_0005669", "UBERON_0005670", "UBERON_0005671", "UBERON_0005672", "UBERON_0005673", "UBERON_0005674", "UBERON_0005675", "UBERON_0005676", "UBERON_0005677", "UBERON_0005678", "UBERON_0005679", "UBERON_0005680", "UBERON_0005681", "UBERON_0005682", "UBERON_0005685", "UBERON_0005686", "UBERON_0005688", "UBERON_0005689", "UBERON_0005690", "UBERON_0005691", "UBERON_0005692", "UBERON_0005693", "UBERON_0005694", "UBERON_0005695", "UBERON_0005696", "UBERON_0005697", "UBERON_0005698", "UBERON_0005699", "UBERON_0005700", "UBERON_0005701", "UBERON_0005702", "UBERON_0005704", "UBERON_0005705", "UBERON_0005707", "UBERON_0005708", "UBERON_0005709", "UBERON_0005710", "UBERON_0005711", "UBERON_0005712", "UBERON_0005719", "UBERON_0005720", "UBERON_0005724", "UBERON_0005726", "UBERON_0005729", "UBERON_0005730", "UBERON_0005731", "UBERON_0005733", "UBERON_0005741", "UBERON_0005744", "UBERON_0005787", "UBERON_0005808", "UBERON_0005814", "UBERON_0005837", "UBERON_0005838", "UBERON_0005845", "UBERON_0005872", "UBERON_0005873", "UBERON_0005874", "UBERON_0005875", "UBERON_0005893", "UBERON_0005904", "UBERON_0005911", "UBERON_0005912", "UBERON_0005956", "UBERON_0005965", "UBERON_0005966", "UBERON_0005970", "UBERON_0005983", "UBERON_0005985", "UBERON_0005999", "UBERON_0006002", "UBERON_0006067", "UBERON_0006068", "UBERON_0006145", "UBERON_0006146", "UBERON_0006194", "UBERON_0006195", "UBERON_0006196", "UBERON_0006233", "UBERON_0006261", "UBERON_0006331", "UBERON_0006341", "UBERON_0006351", "UBERON_0006353", "UBERON_0006431", "UBERON_0006497", "UBERON_0006518", "UBERON_0006535", "UBERON_0006536", "UBERON_0006537", "UBERON_0006538", "UBERON_0006539", "UBERON_0006541", "UBERON_0006542", "UBERON_0006544", "UBERON_0006553", "UBERON_0006554", "UBERON_0006555", "UBERON_0006563", "UBERON_0006568", "UBERON_0006569", "UBERON_0006570", "UBERON_0006571", "UBERON_0006580", "UBERON_0006581", "UBERON_0006585", "UBERON_0006591", "UBERON_0006592", "UBERON_0006608", "UBERON_0006616", "UBERON_0006617", "UBERON_0006630", "UBERON_0006631", "UBERON_0006642", "UBERON_0006643", "UBERON_0006645", "UBERON_0006646", "UBERON_0006647", "UBERON_0006648", "UBERON_0006652", "UBERON_0006675", "UBERON_0006677", "UBERON_0006686", "UBERON_0006761", "UBERON_0006783", "UBERON_0006792", "UBERON_0006822", "UBERON_0006828", "UBERON_0006832", "UBERON_0006833", "UBERON_0006843", "UBERON_0006851", "UBERON_0006862", "UBERON_0006863", "UBERON_0006864", "UBERON_0006865", "UBERON_0006872", "UBERON_0006876", "UBERON_0006877", "UBERON_0006905", "UBERON_0006907", "UBERON_0006908", "UBERON_0006909", "UBERON_0006913", "UBERON_0006914", "UBERON_0006915", "UBERON_0006919", "UBERON_0006920", "UBERON_0006922", "UBERON_0006925", "UBERON_0006937", "UBERON_0006938", "UBERON_0006948", "UBERON_0006953", "UBERON_0006957", "UBERON_0007037", "UBERON_0007115", "UBERON_0007122", "UBERON_0007123", "UBERON_0007124", "UBERON_0007125", "UBERON_0007134", "UBERON_0007147", "UBERON_0007148", "UBERON_0007158", "UBERON_0007159", "UBERON_0007177", "UBERON_0007178", "UBERON_0007185", "UBERON_0007186", "UBERON_0007187", "UBERON_0007188", "UBERON_0007198", "UBERON_0007241", "UBERON_0007242", "UBERON_0007243", "UBERON_0007251", "UBERON_0007252", "UBERON_0007254", "UBERON_0007255", "UBERON_0007257", "UBERON_0007269", "UBERON_0007270", "UBERON_0007271", "UBERON_0007274", "UBERON_0007275", "UBERON_0007276", "UBERON_0007277", "UBERON_0007279", "UBERON_0007280", "UBERON_0007281", "UBERON_0007283", "UBERON_0007284", "UBERON_0007285", "UBERON_0007286", "UBERON_0007287", "UBERON_0007288", "UBERON_0007289", "UBERON_0007290", "UBERON_0007291", "UBERON_0007292", "UBERON_0007293", "UBERON_0007294", "UBERON_0007295", "UBERON_0007296", "UBERON_0007297", "UBERON_0007298", "UBERON_0007299", "UBERON_0007300", "UBERON_0007301", "UBERON_0007302", "UBERON_0007303", "UBERON_0007304", "UBERON_0007306", "UBERON_0007307", "UBERON_0007308", "UBERON_0007331", "UBERON_0007332", "UBERON_0007352", "UBERON_0007354", "UBERON_0007355", "UBERON_0007367", "UBERON_0007386", "UBERON_0007413", "UBERON_0007414", "UBERON_0007415", "UBERON_0007473", "UBERON_0007530", "UBERON_0007601", "UBERON_0007617", "UBERON_0007625", "UBERON_0007635", "UBERON_0007652", "UBERON_0007692", "UBERON_0007719", "UBERON_0007771", "UBERON_0007775", "UBERON_0008265", "UBERON_0008307", "UBERON_0008310", "UBERON_0008359", "UBERON_0008424", "UBERON_0008426", "UBERON_0008427", "UBERON_0008429", "UBERON_0008430", "UBERON_0008431", "UBERON_0008432", "UBERON_0008433", "UBERON_0008434", "UBERON_0008435", "UBERON_0008436", "UBERON_0008440", "UBERON_0008441", "UBERON_0008442", "UBERON_0008443", "UBERON_0008444", "UBERON_0008445", "UBERON_0008456", "UBERON_0008457", "UBERON_0008459", "UBERON_0008460", "UBERON_0008461", "UBERON_0008462", "UBERON_0008463", "UBERON_0008715", "UBERON_0008716", "UBERON_0008772", "UBERON_0008775", "UBERON_0008784", "UBERON_0008785", "UBERON_0008789", "UBERON_0008791", "UBERON_0008798", "UBERON_0008799", "UBERON_0008803", "UBERON_0008805", "UBERON_0008816", "UBERON_0008843", "UBERON_0008844", "UBERON_0008882", "UBERON_0008884", "UBERON_0008885", "UBERON_0008951", "UBERON_0008954", "UBERON_0009020", "UBERON_0009022", "UBERON_0009034", "UBERON_0009114", "UBERON_0009115", "UBERON_0009200", "UBERON_0009479", "UBERON_0009480", "UBERON_0009481", "UBERON_0009482", "UBERON_0009483", "UBERON_0009503", "UBERON_0009504", "UBERON_0009521", "UBERON_0009526", "UBERON_0009536", "UBERON_0009537", "UBERON_0009548", "UBERON_0009549", "UBERON_0009550", "UBERON_0009568", "UBERON_0009570", "UBERON_0009576", "UBERON_0009577", "UBERON_0009578", "UBERON_0009585", "UBERON_0009596", "UBERON_0009597", "UBERON_0009598", "UBERON_0009599", "UBERON_0009600", "UBERON_0009601", "UBERON_0009602", "UBERON_0009603", "UBERON_0009621", "UBERON_0009622", "UBERON_0009630", "UBERON_0009631", "UBERON_0009633", "UBERON_0009634", "UBERON_0009646", "UBERON_0009661", "UBERON_0009662", "UBERON_0009663", "UBERON_0009715", "UBERON_0009750", "UBERON_0009752", "UBERON_0009777", "UBERON_0009843", "UBERON_0009845", "UBERON_0009848", "UBERON_0009868", "UBERON_0009869", "UBERON_0009891", "UBERON_0009897", "UBERON_0009898", "UBERON_0009913", "UBERON_0009916", "UBERON_0009953", "UBERON_0009974", "UBERON_0009980", "UBERON_0009988", "UBERON_0009989", "UBERON_0010031", "UBERON_0010032", "UBERON_0010042", "UBERON_0010045", "UBERON_0010052", "UBERON_0010053", "UBERON_0010069", "UBERON_0010076", "UBERON_0010082", "UBERON_0010124", "UBERON_0010146", "UBERON_0010151", "UBERON_0010156", "UBERON_0010157", "UBERON_0010158", "UBERON_0010160", "UBERON_0010161", "UBERON_0010164", "UBERON_0010168", "UBERON_0010171", "UBERON_0010183", "UBERON_0010186", "UBERON_0010187", "UBERON_0010204", "UBERON_0010223", "UBERON_0010224", "UBERON_0010228", "UBERON_0010241", "UBERON_0010245", "UBERON_0010260", "UBERON_0010273", "UBERON_0010276", "UBERON_0010303", "UBERON_0010305", "UBERON_0010309", "UBERON_0010310", "UBERON_0010313", "UBERON_0010314", "UBERON_0010328", "UBERON_0010330", "UBERON_0010359", "UBERON_0010360", "UBERON_0010366", "UBERON_0010371", "UBERON_0010380", "UBERON_0010386", "UBERON_0010387", "UBERON_0010390", "UBERON_0010395", "UBERON_0010399", "UBERON_0010400", "UBERON_0010404", "UBERON_0010410", "UBERON_0010412", "UBERON_0010413", "UBERON_0010414", "UBERON_0010418", "UBERON_0010419", "UBERON_0010509", "UBERON_0010517", "UBERON_0010518", "UBERON_0010519", "UBERON_0010520", "UBERON_0010521", "UBERON_0010527", "UBERON_0010534", "UBERON_0010537", "UBERON_0010547", "UBERON_0010548", "UBERON_0010549", "UBERON_0010550", "UBERON_0010551", "UBERON_0010564", "UBERON_0010565", "UBERON_0010566", "UBERON_0010567", "UBERON_0010568", "UBERON_0010569", "UBERON_0010575", "UBERON_0010576", "UBERON_0010577", "UBERON_0010578", "UBERON_0010579", "UBERON_0010580", "UBERON_0010581", "UBERON_0010582", "UBERON_0010583", "UBERON_0010584", "UBERON_0010585", "UBERON_0010586", "UBERON_0010690", "UBERON_0010693", "UBERON_0010695", "UBERON_0010704", "UBERON_0010706", "UBERON_0010855", "UBERON_0010862", "UBERON_0010863", "UBERON_0010864", "UBERON_0010867", "UBERON_0010890", "UBERON_0010891", "UBERON_0010940", "UBERON_0010959", "UBERON_0011005", "UBERON_0011006", "UBERON_0011007", "UBERON_0011024", "UBERON_0011090", "UBERON_0011091", "UBERON_0011104", "UBERON_0011117", "UBERON_0011141", "UBERON_0011142", "UBERON_0011148", "UBERON_0011160", "UBERON_0011161", "UBERON_0011164", "UBERON_0011184", "UBERON_0011185", "UBERON_0011213", "UBERON_0011214", "UBERON_0011215", "UBERON_0011264", "UBERON_0011265", "UBERON_0011298", "UBERON_0011299", "UBERON_0011300", "UBERON_0011318", "UBERON_0011320", "UBERON_0011347", "UBERON_0011348", "UBERON_0011362", "UBERON_0011363", "UBERON_0011368", "UBERON_0011369", "UBERON_0011379", "UBERON_0011380", "UBERON_0011531", "UBERON_0011532", "UBERON_0011574", "UBERON_0011579", "UBERON_1000006", "UBERON_1000015", "UBERON_1000021", "UBERON_1000024"] direct=127958 role-links=0 absorbed-gci=11969 top-gci=0 unsupported=0
role-automata begin concepts=230292 next-tag=230301
BRIDGE-SATURATION: budget overrun, pass discarded
BRIDGE-CLASSIFY round 0 subject 1/58192 deferred=0 permanent=0
BRIDGE-CLASSIFY round 0 subject 65/58192 deferred=0 permanent=0
BRIDGE-CLASSIFY round 0 subject 129/58192 deferred=0 permanent=0
BRIDGE-CLASSIFY round 0 subject 193/58192 deferred=0 permanent=0
BRIDGE-CLASSIFY round 0 subject 257/58192 deferred=0 permanent=0
BRIDGE-CLASSIFY round 0 subject 321/58192 deferred=0 permanent=0
BRIDGE-CLASSIFY round 0 subject 385/58192 deferred=0 permanent=0
BRIDGE-CLASSIFY round 0 subject 449/58192 deferred=0 permanent=0
BRIDGE-CLASSIFY round 0 subject 513/58192 deferred=0 permanent=0
BRIDGE-CLASSIFY round 0 subject 577/58192 deferred=0 permanent=0
BRIDGE-CLASSIFY round 0 subject 641/58192 deferred=0 permanent=0
BRIDGE-CLASSIFY round 0 subject 705/58192 deferred=0 permanent=0
BRIDGE-CLASSIFY round 0 subject 769/58192 deferred=0 permanent=0
BRIDGE-CLASSIFY round 0 subject 833/58192 deferred=0 permanent=0
BRIDGE-CLASSIFY round 0 subject 897/58192 deferred=0 permanent=0
BRIDGE-CLASSIFY round 0 subject 961/58192 deferred=0 permanent=0
BRIDGE-CLASSIFY round 0 subject 1025/58192 deferred=0 permanent=0
BRIDGE-CLASSIFY round 0 subject 1089/58192 deferred=0 permanent=0
BRIDGE-CLASSIFY round 0 subject 1153/58192 deferred=0 permanent=0
BRIDGE-CLASSIFY round 0 subject 1217/58192 deferred=0 permanent=0
BRIDGE-CLASSIFY round 0 subject 1281/58192 deferred=0 permanent=0
BRIDGE-CLASSIFY round 0 subject 1345/58192 deferred=0 permanent=0
BRIDGE-CLASSIFY round 0 subject 1409/58192 deferred=0 permanent=0
BRIDGE-CLASSIFY round 0 subject 1473/58192 deferred=0 permanent=0
BRIDGE-CLASSIFY round 0 subject 1537/58192 deferred=0 permanent=0
BRIDGE-CLASSIFY round 0 subject 1601/58192 deferred=0 permanent=0
BRIDGE-CLASSIFY round 0 subject 1665/58192 deferred=0 permanent=0
BRIDGE-CLASSIFY round 0 subject 1729/58192 deferred=0 permanent=0
BRIDGE-CLASSIFY round 0 subject 1793/58192 deferred=0 permanent=0
BRIDGE-CLASSIFY round 0 subject 1857/58192 deferred=0 permanent=0
BRIDGE-CLASSIFY round 0 subject 1921/58192 deferred=0 permanent=0
BRIDGE-CLASSIFY round 0 subject 1985/58192 deferred=0 permanent=0
BRIDGE-CLASSIFY round 0 subject 2049/58192 deferred=0 permanent=0
BRIDGE-CLASSIFY round 0 subject 2113/58192 deferred=0 permanent=0
BRIDGE-CLASSIFY round 0 subject 2177/58192 deferred=0 permanent=0
BRIDGE-CLASSIFY round 0 subject 2241/58192 deferred=0 permanent=0
BRIDGE-CLASSIFY round 0 subject 2305/58192 deferred=0 permanent=0
BRIDGE-CLASSIFY round 0 subject 2369/58192 deferred=0 permanent=0
BRIDGE-CLASSIFY round 0 subject 2433/58192 deferred=0 permanent=0
BRIDGE-CLASSIFY round 0 subject 2497/58192 deferred=0 permanent=0
BRIDGE-CLASSIFY round 0 subject 2561/58192 deferred=0 permanent=0
BRIDGE-CLASSIFY round 0 subject 2625/58192 deferred=0 permanent=0
BRIDGE-CLASSIFY round 0 subject 2689/58192 deferred=0 permanent=0
BRIDGE-CLASSIFY round 0 subject 2753/58192 deferred=0 permanent=0
BRIDGE-CLASSIFY round 0 subject 2817/58192 deferred=0 permanent=0
BRIDGE-CLASSIFY round 0 subject 2881/58192 deferred=0 permanent=0
BRIDGE-CLASSIFY round 0 subject 2945/58192 deferred=0 permanent=0
BRIDGE-CLASSIFY round 0 subject 3009/58192 deferred=0 permanent=0
BRIDGE-CLASSIFY round 0 subject 3073/58192 deferred=0 permanent=0
BRIDGE-CLASSIFY round 0 subject 3137/58192 deferred=0 permanent=0
BRIDGE-CLASSIFY round 0 subject 3201/58192 deferred=0 permanent=0
BRIDGE-CLASSIFY round 0 subject 3265/58192 deferred=0 permanent=0
BRIDGE-CLASSIFY round 0 subject 3329/58192 deferred=0 permanent=0
BRIDGE-CLASSIFY round 0 subject 3393/58192 deferred=0 permanent=0
BRIDGE-CLASSIFY round 0 subject 3457/58192 deferred=0 permanent=0
BRIDGE-CLASSIFY round 0 subject 3521/58192 deferred=0 permanent=0
BRIDGE-CLASSIFY round 0 subject 3585/58192 deferred=0 permanent=0
BRIDGE-CLASSIFY round 0 subject 3649/58192 deferred=0 permanent=0
BRIDGE-CLASSIFY round 0 subject 3713/58192 deferred=0 permanent=0
BRIDGE-CLASSIFY round 0 subject 3777/58192 deferred=0 permanent=0
BRIDGE-CLASSIFY round 0 subject 3841/58192 deferred=0 permanent=0
BRIDGE-CLASSIFY round 0 subject 3905/58192 deferred=0 permanent=0
BRIDGE-CLASSIFY round 0 subject 3969/58192 deferred=0 permanent=0
BRIDGE-CLASSIFY round 0 subject 4033/58192 deferred=0 permanent=0
BRIDGE-CLASSIFY round 0 subject 4097/58192 deferred=0 permanent=0
BRIDGE-CLASSIFY round 0 subject 4161/58192 deferred=0 permanent=0
BRIDGE-CLASSIFY round 0 subject 4225/58192 deferred=0 permanent=0
BRIDGE-CLASSIFY round 0 subject 4289/58192 deferred=0 permanent=0
BRIDGE-CLASSIFY round 0 subject 4353/58192 deferred=0 permanent=0
BRIDGE-CLASSIFY round 0 subject 4417/58192 deferred=0 permanent=0
BRIDGE-CLASSIFY round 0 subject 4481/58192 deferred=0 permanent=0
BRIDGE-CLASSIFY round 0 subject 4545/58192 deferred=0 permanent=0
BRIDGE-CLASSIFY round 0 subject 4609/58192 deferred=0 permanent=0
BRIDGE-CLASSIFY round 0 subject 4673/58192 deferred=0 permanent=0
BRIDGE-CLASSIFY round 0 subject 4737/58192 deferred=0 permanent=0
BRIDGE-CLASSIFY round 0 subject 4801/58192 deferred=0 permanent=0
BRIDGE-CLASSIFY round 0 subject 4865/58192 deferred=0 permanent=0
BRIDGE-CLASSIFY round 0 subject 4929/58192 deferred=0 permanent=0
BRIDGE-CLASSIFY round 0 subject 4993/58192 deferred=0 permanent=0
BRIDGE-CLASSIFY round 0 subject 5057/58192 deferred=0 permanent=0
BRIDGE-CLASSIFY round 0 subject 5121/58192 deferred=0 permanent=0
BRIDGE-CLASSIFY round 0 subject 5185/58192 deferred=0 permanent=0
BRIDGE-CLASSIFY round 0 subject 5249/58192 deferred=0 permanent=0
BRIDGE-CLASSIFY round 0 subject 5313/58192 deferred=0 permanent=0
BRIDGE-CLASSIFY round 0 subject 5377/58192 deferred=0 permanent=0
BRIDGE-CLASSIFY round 0 subject 5441/58192 deferred=0 permanent=0
BRIDGE-CLASSIFY round 0 subject 5505/58192 deferred=0 permanent=0
BRIDGE-CLASSIFY round 0 subject 5569/58192 deferred=0 permanent=0
BRIDGE-CLASSIFY round 0 subject 5633/58192 deferred=0 permanent=0
BRIDGE-CLASSIFY round 0 subject 5697/58192 deferred=0 permanent=0
BRIDGE-CLASSIFY round 0 subject 5761/58192 deferred=0 permanent=0
BRIDGE-CLASSIFY round 0 subject 5825/58192 deferred=0 permanent=0
BRIDGE-CLASSIFY round 0 subject 5889/58192 deferred=0 permanent=0
BRIDGE-CLASSIFY round 0 subject 5953/58192 deferred=0 permanent=0
BRIDGE-CLASSIFY round 0 subject 6017/58192 deferred=0 permanent=0
BRIDGE-CLASSIFY round 0 subject 6081/58192 deferred=0 permanent=0
PROGRESS-SAT iters=1000000 nodes=7903 inserts=982565
BRIDGE-DEFER subject 76891: READ-OFF stop after 10.2s (signal=Stop { task_completed: false })
PROGRESS-SAT iters=1000000 nodes=7900 inserts=982594
BRIDGE-DEFER subject 76890: READ-OFF stop after 10.6s (signal=Stop { task_completed: false })
PROGRESS-SAT iters=1000000 nodes=7900 inserts=982594
BRIDGE-DEFER subject 76928: READ-OFF stop after 10.8s (signal=Stop { task_completed: false })
PROGRESS-SAT iters=1000000 nodes=7900 inserts=982594
BRIDGE-DEFER subject 76930: READ-OFF stop after 10.7s (signal=Stop { task_completed: false })
PROGRESS-SAT iters=1000000 nodes=7900 inserts=982594
BRIDGE-DEFER subject 76932: READ-OFF stop after 10.7s (signal=Stop { task_completed: false })
PROGRESS-SAT iters=1000000 nodes=7900 inserts=982594
BRIDGE-DEFER subject 76934: READ-OFF stop after 10.7s (signal=Stop { task_completed: false })
BRIDGE-CLASSIFY round 0 subject 6145/58192 deferred=6 permanent=0
BRIDGE-CLASSIFY round 0 subject 6209/58192 deferred=6 permanent=0
BRIDGE-CLASSIFY round 0 subject 6273/58192 deferred=6 permanent=0
PROGRESS-SAT iters=1000000 nodes=7411 inserts=983807
BRIDGE-DEFER subject 76910: READ-OFF stop after 11.9s (signal=Stop { task_completed: false })
PROGRESS-SAT iters=1000000 nodes=7411 inserts=983807
BRIDGE-DEFER subject 76912: READ-OFF stop after 12.1s (signal=Stop { task_completed: false })
PROGRESS-SAT iters=1000000 nodes=7411 inserts=983807
BRIDGE-DEFER subject 76914: READ-OFF stop after 12.2s (signal=Stop { task_completed: false })
PROGRESS-SAT iters=1000000 nodes=7411 inserts=983817
PROGRESS-SAT iters=2000000 nodes=16608 inserts=1960754
BRIDGE-DEFER subject 76916: READ-OFF stop after 15.0s (signal=Stop { task_completed: false })
PROGRESS-SAT iters=1000000 nodes=7466 inserts=983705
BRIDGE-DEFER subject 76918: READ-OFF stop after 10.1s (signal=Stop { task_completed: false })
PROGRESS-SAT iters=1000000 nodes=7466 inserts=983705
BRIDGE-DEFER subject 76920: READ-OFF stop after 10.1s (signal=Stop { task_completed: false })
PROGRESS-SAT iters=1000000 nodes=7466 inserts=983705
BRIDGE-DEFER subject 76922: READ-OFF stop after 10.1s (signal=Stop { task_completed: false })
PROGRESS-SAT iters=1000000 nodes=7466 inserts=983709
BRIDGE-DEFER subject 76924: READ-OFF stop after 12.6s (signal=Stop { task_completed: false })
BRIDGE-CLASSIFY round 0 subject 6337/58192 deferred=14 permanent=0
PROGRESS-SAT iters=1000000 nodes=7467 inserts=983703
BRIDGE-DEFER subject 76942: READ-OFF stop after 11.5s (signal=Stop { task_completed: false })
PROGRESS-SAT iters=1000000 nodes=7467 inserts=983703
BRIDGE-DEFER subject 76944: READ-OFF stop after 11.8s (signal=Stop { task_completed: false })
PROGRESS-SAT iters=1000000 nodes=7467 inserts=983703
BRIDGE-DEFER subject 76946: READ-OFF stop after 11.7s (signal=Stop { task_completed: false })
PROGRESS-SAT iters=1000000 nodes=7580 inserts=983357
BRIDGE-DEFER subject 76948: READ-OFF stop after 11.1s (signal=Stop { task_completed: false })
PROGRESS-SAT iters=1000000 nodes=7572 inserts=983392
BRIDGE-DEFER subject 76950: READ-OFF stop after 12.4s (signal=Stop { task_completed: false })
PROGRESS-SAT iters=1000000 nodes=7634 inserts=983297
BRIDGE-DEFER subject 76900: READ-OFF stop after 11.3s (signal=Stop { task_completed: false })
BRIDGE-CLASSIFY round 0 subject 6401/58192 deferred=20 permanent=0
BRIDGE-CLASSIFY round 0 subject 6465/58192 deferred=20 permanent=0
BRIDGE-CLASSIFY round 0 subject 6529/58192 deferred=20 permanent=0
BRIDGE-CLASSIFY round 0 subject 6593/58192 deferred=20 permanent=0
BRIDGE-CLASSIFY round 0 subject 6657/58192 deferred=20 permanent=0
BRIDGE-CLASSIFY round 0 subject 6721/58192 deferred=20 permanent=0
BRIDGE-CLASSIFY round 0 subject 6785/58192 deferred=20 permanent=0
BRIDGE-CLASSIFY round 0 subject 6849/58192 deferred=20 permanent=0
BRIDGE-CLASSIFY round 0 subject 6913/58192 deferred=20 permanent=0
BRIDGE-CLASSIFY round 0 subject 6977/58192 deferred=20 permanent=0
BRIDGE-CLASSIFY round 0 subject 7041/58192 deferred=20 permanent=0
BRIDGE-CLASSIFY round 0 subject 7105/58192 deferred=20 permanent=0
BRIDGE-CLASSIFY round 0 subject 7169/58192 deferred=20 permanent=0
BRIDGE-CLASSIFY round 0 subject 7233/58192 deferred=20 permanent=0
BRIDGE-CLASSIFY round 0 subject 7297/58192 deferred=20 permanent=0
BRIDGE-CLASSIFY round 0 subject 7361/58192 deferred=20 permanent=0
BRIDGE-CLASSIFY round 0 subject 7425/58192 deferred=20 permanent=0
BRIDGE-CLASSIFY round 0 subject 7489/58192 deferred=20 permanent=0
BRIDGE-CLASSIFY round 0 subject 7553/58192 deferred=20 permanent=0
BRIDGE-CLASSIFY round 0 subject 7617/58192 deferred=20 permanent=0
BRIDGE-CLASSIFY round 0 subject 7681/58192 deferred=20 permanent=0
BRIDGE-CLASSIFY round 0 subject 7745/58192 deferred=20 permanent=0
BRIDGE-CLASSIFY round 0 subject 7809/58192 deferred=20 permanent=0
PROGRESS-SAT iters=1000000 nodes=7953 inserts=982478
BRIDGE-DEFER subject 76936: READ-OFF stop after 10.7s (signal=Stop { task_completed: false })
PROGRESS-SAT iters=1000000 nodes=7953 inserts=982478
BRIDGE-DEFER subject 76937: READ-OFF stop after 10.8s (signal=Stop { task_completed: false })
PROGRESS-SAT iters=1000000 nodes=7953 inserts=982478
BRIDGE-DEFER subject 76938: READ-OFF stop after 10.8s (signal=Stop { task_completed: false })
PROGRESS-SAT iters=1000000 nodes=7953 inserts=982478
BRIDGE-DEFER subject 76939: READ-OFF stop after 10.9s (signal=Stop { task_completed: false })
PROGRESS-SAT iters=1000000 nodes=7953 inserts=982478
BRIDGE-DEFER subject 76940: READ-OFF stop after 10.8s (signal=Stop { task_completed: false })
BRIDGE-CLASSIFY round 0 subject 7873/58192 deferred=25 permanent=0
BRIDGE-CLASSIFY round 0 subject 7937/58192 deferred=25 permanent=0
BRIDGE-CLASSIFY round 0 subject 8001/58192 deferred=25 permanent=0
BRIDGE-CLASSIFY round 0 subject 8065/58192 deferred=25 permanent=0
BRIDGE-CLASSIFY round 0 subject 8129/58192 deferred=25 permanent=0
BRIDGE-CLASSIFY round 0 subject 8193/58192 deferred=25 permanent=0
BRIDGE-CLASSIFY round 0 subject 8257/58192 deferred=25 permanent=0
BRIDGE-CLASSIFY round 0 subject 8321/58192 deferred=25 permanent=0
BRIDGE-CLASSIFY round 0 subject 8385/58192 deferred=25 permanent=0
BRIDGE-CLASSIFY round 0 subject 8449/58192 deferred=25 permanent=0
BRIDGE-CLASSIFY round 0 subject 8513/58192 deferred=25 permanent=0
BRIDGE-CLASSIFY round 0 subject 8577/58192 deferred=25 permanent=0
BRIDGE-CLASSIFY round 0 subject 8641/58192 deferred=25 permanent=0
BRIDGE-CLASSIFY round 0 subject 8705/58192 deferred=25 permanent=0
BRIDGE-CLASSIFY round 0 subject 8769/58192 deferred=25 permanent=0
BRIDGE-CLASSIFY round 0 subject 8833/58192 deferred=25 permanent=0
BRIDGE-CLASSIFY round 0 subject 8897/58192 deferred=25 permanent=0
BRIDGE-CLASSIFY round 0 subject 8961/58192 deferred=25 permanent=0
BRIDGE-CLASSIFY round 0 subject 9025/58192 deferred=25 permanent=0
BRIDGE-CLASSIFY round 0 subject 9089/58192 deferred=25 permanent=0
BRIDGE-CLASSIFY round 0 subject 9153/58192 deferred=25 permanent=0
BRIDGE-CLASSIFY round 0 subject 9217/58192 deferred=25 permanent=0
BRIDGE-CLASSIFY round 0 subject 9281/58192 deferred=25 permanent=0
BRIDGE-CLASSIFY round 0 subject 9345/58192 deferred=25 permanent=0
BRIDGE-CLASSIFY round 0 subject 9409/58192 deferred=25 permanent=0
PROGRESS-SAT iters=1000000 nodes=7916 inserts=982493
BRIDGE-DEFER subject 9477: READ-OFF stop after 11.5s (signal=Stop { task_completed: false })
PROGRESS-SAT iters=1000000 nodes=7994 inserts=982187
BRIDGE-DEFER subject 9611: READ-OFF stop after 10.5s (signal=Stop { task_completed: false })
PROGRESS-SAT iters=1000000 nodes=7918 inserts=982499
BRIDGE-DEFER subject 9615: READ-OFF stop after 10.4s (signal=Stop { task_completed: false })
PROGRESS-SAT iters=1000000 nodes=7938 inserts=982564
BRIDGE-DEFER subject 9619: READ-OFF stop after 11.0s (signal=Stop { task_completed: false })
PROGRESS-SAT iters=1000000 nodes=7993 inserts=982202
BRIDGE-DEFER subject 9623: READ-OFF stop after 13.7s (signal=Stop { task_completed: false })
PROGRESS-SAT iters=1000000 nodes=7955 inserts=982450
BRIDGE-DEFER subject 9631: READ-OFF stop after 10.9s (signal=Stop { task_completed: false })
PROGRESS-SAT iters=1000000 nodes=7959 inserts=982397
BRIDGE-DEFER subject 9635: READ-OFF stop after 10.9s (signal=Stop { task_completed: false })
PROGRESS-SAT iters=1000000 nodes=7955 inserts=982455
BRIDGE-DEFER subject 44340: READ-OFF stop after 10.9s (signal=Stop { task_completed: false })
PROGRESS-SAT iters=1000000 nodes=7331 inserts=981275
PROGRESS-SAT iters=2000000 nodes=14778 inserts=1960818
BRIDGE-DEFER subject 68088: READ-OFF stop after 12.4s (signal=Stop { task_completed: false })
PROGRESS-SAT iters=1000000 nodes=7331 inserts=981272
PROGRESS-SAT iters=2000000 nodes=14778 inserts=1960816
BRIDGE-DEFER subject 44378: READ-OFF stop after 11.3s (signal=Stop { task_completed: false })
PROGRESS-SAT iters=1000000 nodes=7331 inserts=981287
PROGRESS-SAT iters=2000000 nodes=14778 inserts=1960817
BRIDGE-DEFER subject 44377: READ-OFF stop after 14.8s (signal=Stop { task_completed: false })
PROGRESS-SAT iters=1000000 nodes=7331 inserts=981288
PROGRESS-SAT iters=2000000 nodes=14778 inserts=1960817
BRIDGE-DEFER subject 44383: READ-OFF stop after 11.8s (signal=Stop { task_completed: false })
PROGRESS-SAT iters=1000000 nodes=7331 inserts=981288
PROGRESS-SAT iters=2000000 nodes=14778 inserts=1960817
BRIDGE-DEFER subject 44384: READ-OFF stop after 11.7s (signal=Stop { task_completed: false })
PROGRESS-SAT iters=1000000 nodes=7331 inserts=981287
PROGRESS-SAT iters=2000000 nodes=14778 inserts=1960817
BRIDGE-DEFER subject 55395: READ-OFF stop after 14.8s (signal=Stop { task_completed: false })
PROGRESS-SAT iters=1000000 nodes=7331 inserts=981283
PROGRESS-SAT iters=2000000 nodes=14778 inserts=1960818
BRIDGE-DEFER subject 813: READ-OFF stop after 13.2s (signal=Stop { task_completed: false })
PROGRESS-SAT iters=1000000 nodes=7331 inserts=981283
PROGRESS-SAT iters=2000000 nodes=14778 inserts=1960819
BRIDGE-DEFER subject 44381: READ-OFF stop after 10.3s (signal=Stop { task_completed: false })
PROGRESS-SAT iters=1000000 nodes=7331 inserts=981283
PROGRESS-SAT iters=2000000 nodes=14778 inserts=1960819
BRIDGE-DEFER subject 44382: READ-OFF stop after 10.5s (signal=Stop { task_completed: false })
BRIDGE-CLASSIFY round 0 subject 9473/58192 deferred=42 permanent=0
PROGRESS-SAT iters=1000000 nodes=7955 inserts=982453
BRIDGE-DEFER subject 44336: READ-OFF stop after 10.7s (signal=Stop { task_completed: false })
PROGRESS-SAT iters=1000000 nodes=7948 inserts=982466
BRIDGE-DEFER subject 9533: READ-OFF stop after 12.8s (signal=Stop { task_completed: false })
PROGRESS-SAT iters=1000000 nodes=7948 inserts=982469
BRIDGE-DEFER subject 9434: READ-OFF stop after 11.2s (signal=Stop { task_completed: false })
PROGRESS-SAT iters=1000000 nodes=7956 inserts=982425
BRIDGE-DEFER subject 9685: READ-OFF stop after 10.2s (signal=Stop { task_completed: false })
PROGRESS-SAT iters=1000000 nodes=7956 inserts=982433
BRIDGE-DEFER subject 44413: READ-OFF stop after 10.1s (signal=Stop { task_completed: false })
PROGRESS-SAT iters=1000000 nodes=7900 inserts=982531
BRIDGE-DEFER subject 9918: READ-OFF stop after 11.6s (signal=Stop { task_completed: false })
PROGRESS-SAT iters=1000000 nodes=7956 inserts=982404
BRIDGE-DEFER subject 9971: READ-OFF stop after 10.9s (signal=Stop { task_completed: false })
PROGRESS-SAT iters=1000000 nodes=7949 inserts=982445
BRIDGE-DEFER subject 9689: READ-OFF stop after 11.0s (signal=Stop { task_completed: false })
PROGRESS-SAT iters=1000000 nodes=7950 inserts=982617
BRIDGE-DEFER subject 9693: READ-OFF stop after 10.1s (signal=Stop { task_completed: false })
PROGRESS-SAT iters=1000000 nodes=7934 inserts=982516
BRIDGE-DEFER subject 9975: READ-OFF stop after 11.4s (signal=Stop { task_completed: false })
PROGRESS-SAT iters=1000000 nodes=7943 inserts=982467
BRIDGE-DEFER subject 9979: READ-OFF stop after 12.3s (signal=Stop { task_completed: false })
PROGRESS-SAT iters=1000000 nodes=7988 inserts=982208
PROGRESS-SAT iters=2000000 nodes=17178 inserts=1959154
BRIDGE-DEFER subject 12916: READ-OFF stop after 20.0s (signal=Stop { task_completed: false })
PROGRESS-SAT iters=1000000 nodes=7979 inserts=982308
BRIDGE-DEFER subject 9736: READ-OFF stop after 11.1s (signal=Stop { task_completed: false })
PROGRESS-SAT iters=1000000 nodes=7960 inserts=982394
BRIDGE-DEFER subject 9740: READ-OFF stop after 10.6s (signal=Stop { task_completed: false })
PROGRESS-SAT iters=1000000 nodes=7981 inserts=982285
BRIDGE-DEFER subject 9938: READ-OFF stop after 10.3s (signal=Stop { task_completed: false })
PROGRESS-SAT iters=1000000 nodes=7987 inserts=982257
BRIDGE-DEFER subject 9567: READ-OFF stop after 10.3s (signal=Stop { task_completed: false })
PROGRESS-SAT iters=1000000 nodes=7678 inserts=983215
BRIDGE-DEFER subject 18377: READ-OFF stop after 10.1s (signal=Stop { task_completed: false })
PROGRESS-SAT iters=1000000 nodes=7988 inserts=982248
BRIDGE-DEFER subject 18384: READ-OFF stop after 12.5s (signal=Stop { task_completed: false })
PROGRESS-SAT iters=1000000 nodes=7987 inserts=982258
PROGRESS-SAT iters=2000000 nodes=17174 inserts=1959146
BRIDGE-DEFER subject 18391: READ-OFF stop after 15.4s (signal=Stop { task_completed: false })
PROGRESS-SAT iters=1000000 nodes=7955 inserts=982479
BRIDGE-DEFER subject 9340: READ-OFF stop after 10.5s (signal=Stop { task_completed: false })
PROGRESS-SAT iters=1000000 nodes=7953 inserts=982420
BRIDGE-DEFER subject 26234: READ-OFF stop after 10.4s (signal=Stop { task_completed: false })
PROGRESS-SAT iters=1000000 nodes=7982 inserts=982509
BRIDGE-DEFER subject 29843: READ-OFF stop after 13.1s (signal=Stop { task_completed: false })
PROGRESS-SAT iters=1000000 nodes=7982 inserts=982510
BRIDGE-DEFER subject 18425: READ-OFF stop after 10.8s (signal=Stop { task_completed: false })
PROGRESS-SAT iters=1000000 nodes=7946 inserts=982472
PROGRESS-SAT iters=2000000 nodes=17139 inserts=1959404
BRIDGE-DEFER subject 64130: READ-OFF stop after 15.7s (signal=Stop { task_completed: false })
PROGRESS-SAT iters=1000000 nodes=7982 inserts=982510
BRIDGE-DEFER subject 64162: READ-OFF stop after 11.0s (signal=Stop { task_completed: false })
PROGRESS-SAT iters=1000000 nodes=7887 inserts=982820
BRIDGE-DEFER subject 65233: READ-OFF stop after 10.9s (signal=Stop { task_completed: false })
PROGRESS-SAT iters=1000000 nodes=7887 inserts=982820
PROGRESS-SAT iters=2000000 nodes=17072 inserts=1959629
BRIDGE-DEFER subject 65232: READ-OFF stop after 19.8s (signal=Stop { task_completed: false })
PROGRESS-SAT iters=1000000 nodes=7887 inserts=982820
PROGRESS-SAT iters=2000000 nodes=17072 inserts=1959629
BRIDGE-DEFER subject 65234: READ-OFF stop after 20.1s (signal=Stop { task_completed: false })
PROGRESS-SAT iters=1000000 nodes=7942 inserts=982460
PROGRESS-SAT iters=2000000 nodes=17137 inserts=1959380
BRIDGE-DEFER subject 65235: READ-OFF stop after 15.7s (signal=Stop { task_completed: false })
PROGRESS-SAT iters=1000000 nodes=7942 inserts=982461
PROGRESS-SAT iters=2000000 nodes=17137 inserts=1959382
BRIDGE-DEFER subject 65240: READ-OFF stop after 15.0s (signal=Stop { task_completed: false })
BRIDGE-CLASSIFY round 0 subject 9537/58192 deferred=72 permanent=0
PROGRESS-SAT iters=1000000 nodes=7942 inserts=982461
PROGRESS-SAT iters=2000000 nodes=17137 inserts=1959382
BRIDGE-DEFER subject 65241: READ-OFF stop after 15.1s (signal=Stop { task_completed: false })
PROGRESS-SAT iters=1000000 nodes=7951 inserts=982574
BRIDGE-DEFER subject 44036: READ-OFF stop after 11.6s (signal=Stop { task_completed: false })
PROGRESS-SAT iters=1000000 nodes=7936 inserts=982459
BRIDGE-DEFER subject 44037: READ-OFF stop after 10.8s (signal=Stop { task_completed: false })
PROGRESS-SAT iters=1000000 nodes=7980 inserts=982356
BRIDGE-DEFER subject 44480: READ-OFF stop after 10.1s (signal=Stop { task_completed: false })
PROGRESS-SAT iters=1000000 nodes=7955 inserts=982488
