	Command being timed: "/ibex/scratch/hohndor/km/adaptive-composite-layout-v14-full-20260731/km ofn /ibex/scratch/hohndor/km/corpus/ore_ont_1194.owl --meta /tmp/km-1194-profile-49677322/1194.meta.json"
	User time (seconds): 4.82
	System time (seconds): 0.30
	Percent of CPU this job got: 99%
	Elapsed (wall clock) time (h:mm:ss or m:ss): 0:05.15
	Average shared text size (kbytes): 0
	Average unshared data size (kbytes): 0
	Average stack size (kbytes): 0
	Average total size (kbytes): 0
	Maximum resident set size (kbytes): 1255832
	Average resident set size (kbytes): 0
	Major (requiring I/O) page faults: 0
	Minor (reclaiming a frame) page faults: 268246
	Voluntary context switches: 41
	Involuntary context switches: 7
	Swaps: 0
	File system inputs: 0
	File system outputs: 552192
	Socket messages sent: 0
	Socket messages received: 0
	Signals delivered: 0
	Page size (bytes): 4096
	Exit status: 0
