{
  "automatic_results_sha256": "a614258cf2f6674a02feb6f04b35507381965339c694d8d56b4af778dbe8d9ae",
  "baseline_release": "v0.2.12",
  "binary_sha256": "31ecdbc74174e371f1f55805af8de382f517b0ab1960ed81553f6fa249c4bea5",
  "cpu_model": "Intel(R) Xeon(R) Gold 6248 CPU @ 2.50GHz",
  "mean_peak_mb": 499.60284263959363,
  "mean_wall_s": 4.58714060913706,
  "median_peak_mb": 41.45,
  "median_wall_s": 0.2491,
  "revision": "candidate-sequential-large-shi-bridge",
  "routes": {
    "cb_plain16": 2,
    "certified_card_nominals": 1,
    "certified_card_proxy_abox": 1,
    "certified_el_production": 5,
    "certified_nominals": 9,
    "elc": 273,
    "ht_bridge": 1,
    "ht_rules": 3,
    "mirror_private": 1,
    "nominal_ni_abox": 8,
    "nominal_ni_tbox": 1,
    "nominals": 50,
    "production_all": 237
  },
  "rows": 592,
  "status": {
    "error": 1,
    "ok": 591
  },
  "verdict": {
    "consistency_mismatch": 2,
    "error": 1,
    "match": 588,
    "nogold": 1
  }
}
