cb_to_ht [emelim] eliminated 0 complementary pairs
cb_to_ht [trigger-absorb] definers=6395 moved=0 tautologies=4
bridge [source-tbox] axioms=35395 eq=0/0 [] direct=35299 role-links=0 absorbed-gci=2764 top-gci=0 unsupported=0
role-automata begin concepts=48827 next-tag=48836
BRIDGE-SATURATION-PARTIAL: 125.25s, answered 0 unsat + 0 sat of 17680 subjects (17680 residue to probes, known-label-subjects=17643, satcache=false)
BRIDGE-CLASSIFY round 0 subject 1/17680 deferred=0 permanent=0
PROGRESS-SAT iters=1000000 nodes=7936 inserts=955927
PROGRESS-SAT iters=2000000 nodes=15372 inserts=1910475
BRIDGE-DEFER subject 4854: READ-OFF stop after 15.9s (signal=Stop { task_completed: false })
PROGRESS-SAT iters=1000000 nodes=7978 inserts=956056
BRIDGE-DEFER subject 5507: READ-OFF stop after 10.0s (signal=Stop { task_completed: false })
PROGRESS-SAT iters=1000000 nodes=7798 inserts=965240
BRIDGE-DEFER subject 7705: READ-OFF stop after 12.5s (signal=Stop { task_completed: false })
PROGRESS-SAT iters=1000000 nodes=5827 inserts=985686
PROGRESS-SAT iters=2000000 nodes=11217 inserts=1967125
BRIDGE-DEFER subject 12912: READ-OFF stop after 10.2s (signal=Stop { task_completed: false })
PROGRESS-SAT iters=1000000 nodes=6142 inserts=987919
PROGRESS-SAT iters=2000000 nodes=11875 inserts=1968299
BRIDGE-DEFER subject 12914: READ-OFF stop after 10.4s (signal=Stop { task_completed: false })
PROGRESS-SAT iters=1000000 nodes=6153 inserts=987934
PROGRESS-SAT iters=2000000 nodes=11884 inserts=1967852
BRIDGE-DEFER subject 12916: READ-OFF stop after 10.6s (signal=Stop { task_completed: false })
PROGRESS-SAT iters=1000000 nodes=7483 inserts=969173
PROGRESS-SAT iters=2000000 nodes=14648 inserts=1937789
BRIDGE-DEFER subject 7685: READ-OFF stop after 12.0s (signal=Stop { task_completed: false })
BRIDGE-CLASSIFY round 0 subject 65/17680 deferred=7 permanent=0
PROGRESS-SAT iters=1000000 nodes=7918 inserts=966996
BRIDGE-DEFER subject 12006: READ-OFF stop after 10.4s (signal=Stop { task_completed: false })
PROGRESS-SAT iters=1000000 nodes=7958 inserts=980303
PROGRESS-SAT iters=2000000 nodes=15506 inserts=1957968
BRIDGE-DEFER subject 12746: READ-OFF stop after 10.5s (signal=Stop { task_completed: false })
PROGRESS-SAT iters=1000000 nodes=7949 inserts=956016
BRIDGE-DEFER subject 12958: READ-OFF stop after 10.6s (signal=Stop { task_completed: false })
PROGRESS-SAT iters=1000000 nodes=7661 inserts=970123
PROGRESS-SAT iters=2000000 nodes=15025 inserts=1939281
BRIDGE-DEFER subject 13299: READ-OFF stop after 11.9s (signal=Stop { task_completed: false })
PROGRESS-SAT iters=1000000 nodes=7695 inserts=969248
BRIDGE-DEFER subject 11485: READ-OFF stop after 10.6s (signal=Stop { task_completed: false })
PROGRESS-SAT iters=1000000 nodes=7659 inserts=969699
BRIDGE-DEFER subject 11800: READ-OFF stop after 10.7s (signal=Stop { task_completed: false })
PROGRESS-SAT iters=1000000 nodes=8000 inserts=980726
PROGRESS-SAT iters=2000000 nodes=15663 inserts=1957081
BRIDGE-DEFER subject 7741: READ-OFF stop after 10.3s (signal=Stop { task_completed: false })
BRIDGE-CLASSIFY round 0 subject 129/17680 deferred=14 permanent=0
PROGRESS-SAT iters=1000000 nodes=8000 inserts=980727
PROGRESS-SAT iters=2000000 nodes=15663 inserts=1957081
BRIDGE-DEFER subject 12603: READ-OFF stop after 10.6s (signal=Stop { task_completed: false })
PROGRESS-SAT iters=1000000 nodes=8000 inserts=980727
PROGRESS-SAT iters=2000000 nodes=15663 inserts=1957081
BRIDGE-DEFER subject 12604: READ-OFF stop after 10.7s (signal=Stop { task_completed: false })
PROGRESS-SAT iters=1000000 nodes=7893 inserts=966522
BRIDGE-DEFER subject 12201: READ-OFF stop after 10.1s (signal=Stop { task_completed: false })
PROGRESS-SAT iters=1000000 nodes=7920 inserts=966988
BRIDGE-DEFER subject 1394: READ-OFF stop after 11.1s (signal=Stop { task_completed: false })
PROGRESS-SAT iters=1000000 nodes=7691 inserts=969312
BRIDGE-DEFER subject 1917: READ-OFF stop after 12.1s (signal=Stop { task_completed: false })
PROGRESS-SAT iters=1000000 nodes=7939 inserts=979525
PROGRESS-SAT iters=2000000 nodes=15487 inserts=1957915
BRIDGE-DEFER subject 1982: READ-OFF stop after 10.8s (signal=Stop { task_completed: false })
PROGRESS-SAT iters=1000000 nodes=7771 inserts=970123
BRIDGE-DEFER subject 3445: READ-OFF stop after 10.6s (signal=Stop { task_completed: false })
PROGRESS-SAT iters=1000000 nodes=6508 inserts=985608
PROGRESS-SAT iters=2000000 nodes=12253 inserts=1967122
BRIDGE-DEFER subject 10991: READ-OFF stop after 10.2s (signal=Stop { task_completed: false })
PROGRESS-SAT iters=1000000 nodes=7445 inserts=971956
PROGRESS-SAT iters=2000000 nodes=14718 inserts=1943620
BRIDGE-DEFER subject 11162: READ-OFF stop after 11.5s (signal=Stop { task_completed: false })
BRIDGE-CLASSIFY round 0 subject 193/17680 deferred=23 permanent=0
PROGRESS-SAT iters=1000000 nodes=8811 inserts=982257
PROGRESS-SAT iters=2000000 nodes=17507 inserts=1964902
BRIDGE-DEFER subject 13166: READ-OFF stop after 12.0s (signal=Stop { task_completed: false })
PROGRESS-SAT iters=1000000 nodes=7924 inserts=979571
PROGRESS-SAT iters=2000000 nodes=15446 inserts=1957743
BRIDGE-DEFER subject 13716: READ-OFF stop after 10.4s (signal=Stop { task_completed: false })
PROGRESS-SAT iters=1000000 nodes=7642 inserts=970111
