    Blocking waiting for file lock on build directory
   Compiling cfg-if v1.0.4
   Compiling memchr v2.8.1
   Compiling oxilangtag v0.1.6
   Compiling oxiri v0.2.11
   Compiling json-event-parser v0.2.3
   Compiling ryu-js v1.0.3
   Compiling hashbrown v0.17.1
   Compiling hashbrown v0.12.3
   Compiling equivalent v1.0.2
   Compiling ucd-trie v0.1.7
   Compiling lazy_static v1.5.0
   Compiling oxixml-unicode v0.1.2
   Compiling log v0.4.33
   Compiling itoa v1.0.18
   Compiling either v1.16.0
   Compiling smallvec v1.15.1
   Compiling thin-vec v0.2.19
   Compiling libc v0.2.186
   Compiling zerocopy v0.8.54
   Compiling crossbeam-utils v0.8.21
   Compiling serde_core v1.0.228
   Compiling zmij v1.0.21
   Compiling thiserror v2.0.18
   Compiling thiserror v1.0.69
   Compiling enum_meta v0.6.0
   Compiling quick-xml v0.37.5
   Compiling quick-xml v0.31.0
   Compiling pest v2.8.7
   Compiling crossbeam-epoch v0.9.18
   Compiling indexmap v1.9.3
   Compiling indexmap v2.14.0
   Compiling crossbeam-deque v0.8.6
   Compiling oxixml-regex v0.1.2
   Compiling rayon-core v1.13.0
   Compiling getrandom v0.3.4
   Compiling rand_core v0.9.5
   Compiling rayon v1.12.0
   Compiling curie v0.1.4
   Compiling km-owl-functional-syntax v0.1.0 (/workspace/.work/worktrees/v1.4/engine/vendor/owl-functional-syntax)
   Compiling serde v1.0.228
   Compiling serde_json v1.0.150
   Compiling ppv-lite86 v0.2.21
   Compiling rand_chacha v0.9.0
   Compiling rand v0.9.5
   Compiling oxrdf v0.3.3
   Compiling oxjsonld v0.2.5
   Compiling oxttl v0.2.3
   Compiling oxrdfxml v0.2.3
   Compiling oxrdfio v0.2.5
   Compiling pretty_rdf v0.11.0
   Compiling horned-owl v1.4.0
   Compiling kobayashi-marust v1.4.5 (/workspace/.work/worktrees/v1.4/engine)
warning: unused imports: `HAtom` and `HtClause`
     --> src/konclude_ht/bridge.rs:22635:57
      |
22635 |         use crate::orchestrate::cb_to_ht::{CardDefJson, HAtom, HtClause, TInput};
      |                                                         ^^^^^  ^^^^^^^^
      |
      = note: `#[warn(unused_imports)]` (part of `#[warn(unused)]`) on by default

warning: unused imports: `OccurrenceUnsatisfiableCacheReader` and `OccurrenceUnsatisfiableCacheWriter`
   --> src/konclude_ht/completion/unsat_handler.rs:700:39
    |
700 |         OccurrenceUnsatisfiableCache, OccurrenceUnsatisfiableCacheReader,
    |                                       ^^^^^^^^^^^^^^^^^^^^^^^^^^^^^^^^^^
701 |         OccurrenceUnsatisfiableCacheWriter,
    |         ^^^^^^^^^^^^^^^^^^^^^^^^^^^^^^^^^^

warning: unused import: `LabelSetId`
  --> src/konclude_ht/completion/u04.rs:62:39
   |
62 |     ConDescId, ConProcDescId, EdgeId, LabelSetId, NodeId, RestrictionSpecId, TrackPointId,
   |                                       ^^^^^^^^^^

warning: unused import: `DependencyNode`
  --> src/konclude_ht/completion/u12.rs:62:50
   |
62 | use super::super::process::dependency::{DepKind, DependencyNode};
   |                                                  ^^^^^^^^^^^^^^

warning: unused import: `DepLinkId`
  --> src/konclude_ht/completion/u12.rs:64:31
   |
64 |     ConDescId, ConProcDescId, DepLinkId, DependencyId, NodeId, RestrictionSpecId, TrackPointId,
   |                               ^^^^^^^^^

warning: unused import: `DependencyId`
  --> src/konclude_ht/completion/u18.rs:78:27
   |
78 |     ConDescId, DepLinkId, DependencyId, EdgeId, LabelSetId, NodeId, TrackPointId,
   |                           ^^^^^^^^^^^^

warning: unused import: `INVALID`
  --> src/konclude_ht/completion/u21.rs:82:50
   |
82 | use super::super::model::substrate::{Cint64, Id, INVALID};
   |                                                  ^^^^^^^

warning: unused import: `EdgeId`
  --> src/konclude_ht/completion/u26.rs:80:29
   |
80 | use super::super::process::{EdgeId, LabelSetId, NodeId};
   |                             ^^^^^^

warning: unused import: `INVALID`
  --> src/konclude_ht/completion/u35.rs:91:51
   |
91 | use super::super::model::substrate::{Id, NegLink, INVALID};
   |                                                   ^^^^^^^

warning: unused import: `super::super::process::descriptor::ClashDescriptor`
  --> src/konclude_ht/completion/u36.rs:96:5
   |
96 | use super::super::process::descriptor::ClashDescriptor;
   |     ^^^^^^^^^^^^^^^^^^^^^^^^^^^^^^^^^^^^^^^^^^^^^^^^^^

warning: unused import: `super::super::model::role_chain::RoleChain`
  --> src/konclude_ht/preprocess/role_chain_automata.rs:26:5
   |
26 | use super::super::model::role_chain::RoleChain;
   |     ^^^^^^^^^^^^^^^^^^^^^^^^^^^^^^^^^^^^^^^^^^

warning: unused import: `Id`
  --> src/konclude_ht/process/pn6.rs:27:35
   |
27 | use super::super::model::{Cint64, Id};
   |                                   ^^

warning: variable does not need to be mutable
   --> src/frontend/data_abox.rs:821:13
    |
821 |         let mut intern = |s: &'a str, ids: &mut HashMap<&'a str, u32>| -> u32 {
    |             ----^^^^^^
    |             |
    |             help: remove this `mut`
    |
    = note: `#[warn(unused_mut)]` (part of `#[warn(unused)]`) on by default

warning: variable does not need to be mutable
   --> src/frontend/data_abox.rs:859:13
    |
859 |         let mut ancestors =
    |             ----^^^^^^^^^
    |             |
    |             help: remove this `mut`

warning: variable does not need to be mutable
   --> src/frontend/data_abox.rs:896:21
    |
896 |                 let mut push =
    |                     ----^^^^
    |                     |
    |                     help: remove this `mut`

warning: unreachable pattern
   --> src/frontend/datatypes.rs:170:21
    |
169 |                     Val::$variant(bits) => <$ty>::from_bits(*bits),
    |                     ------------------- matches all the relevant values
170 |                     Val::Float32(bits) if wide => f32::from_bits(*bits) as $ty,
    |                     ^^^^^^^^^^^^^^^^^^ no value can reach this
...
194 |     if wide { evaluate!(f64, Float64) } else { evaluate!(f32, Float32) }
    |                                                ----------------------- in this macro invocation
    |
    = note: `#[warn(unreachable_patterns)]` (part of `#[warn(unused)]`) on by default
    = note: this warning originates in the macro `evaluate` (in Nightly builds, run with -Z macro-backtrace for more info)

warning: value assigned to `bridge_phase_started` is never read
    --> src/konclude_ht/bridge.rs:3844:17
     |
3844 |                 bridge_phase_started = now;
     |                 ^^^^^^^^^^^^^^^^^^^^^^^^^^
...
5811 |     bridge_phase!("terminology-stamp");
     |     ---------------------------------- in this macro invocation
     |
     = help: maybe it is overwritten before being read?
     = note: `#[warn(unused_assignments)]` (part of `#[warn(unused)]`) on by default
     = note: this warning originates in the macro `bridge_phase` (in Nightly builds, run with -Z macro-backtrace for more info)

warning: value assigned to `coordination` is never read
    --> src/konclude_ht/bridge.rs:8668:13
     |
8668 |             coordination.running_tasks -= 1;
     |             ^^^^^^^^^^^^^^^^^^^^^^^^^^^^^^^
     |
     = help: maybe it is overwritten before being read?

warning: value assigned to `coordination` is never read
    --> src/konclude_ht/bridge.rs:8669:13
     |
8669 |             coordination.failed_tasks += 1;
     |             ^^^^^^^^^^^^^^^^^^^^^^^^^^^^^^
     |
     = help: maybe it is overwritten before being read?

warning: value assigned to `coordination` is never read
    --> src/konclude_ht/bridge.rs:8676:13
     |
8676 |             coordination.running_tasks -= 1;
     |             ^^^^^^^^^^^^^^^^^^^^^^^^^^^^^^^
     |
     = help: maybe it is overwritten before being read?

warning: value assigned to `coordination` is never read
    --> src/konclude_ht/bridge.rs:8677:13
     |
8677 |             coordination.failed_tasks += 1;
     |             ^^^^^^^^^^^^^^^^^^^^^^^^^^^^^^
     |
     = help: maybe it is overwritten before being read?

warning: value assigned to `coordination` is never read
    --> src/konclude_ht/bridge.rs:8682:17
     |
8682 |                 coordination.running_tasks -= 1;
     |                 ^^^^^^^^^^^^^^^^^^^^^^^^^^^^^^^
     |
     = help: maybe it is overwritten before being read?

warning: value assigned to `coordination` is never read
    --> src/konclude_ht/bridge.rs:8683:17
     |
8683 |                 coordination.clashed = true;
     |                 ^^^^^^^^^^^^^^^^^^^^^^^^^^^
     |
     = help: maybe it is overwritten before being read?

warning: value assigned to `coordination` is never read
    --> src/konclude_ht/bridge.rs:8687:17
     |
8687 |                 coordination.running_tasks -= 1;
     |                 ^^^^^^^^^^^^^^^^^^^^^^^^^^^^^^^
     |
     = help: maybe it is overwritten before being read?

warning: value assigned to `coordination` is never read
    --> src/konclude_ht/bridge.rs:8688:17
     |
8688 |                 coordination.failed_tasks += 1;
     |                 ^^^^^^^^^^^^^^^^^^^^^^^^^^^^^^
     |
     = help: maybe it is overwritten before being read?

warning: value assigned to `coordination` is never read
    --> src/konclude_ht/bridge.rs:8719:13
     |
8719 |             coordination.writeback_failed = true;
     |             ^^^^^^^^^^^^^^^^^^^^^^^^^^^^^^^^^^^^
     |
     = help: maybe it is overwritten before being read?

warning: value assigned to `coordination` is never read
    --> src/konclude_ht/bridge.rs:8701:13
     |
8701 |             coordination.running_tasks -= 1;
     |             ^^^^^^^^^^^^^^^^^^^^^^^^^^^^^^^
     |
     = help: maybe it is overwritten before being read?

warning: value assigned to `coordination` is never read
    --> src/konclude_ht/bridge.rs:8702:13
     |
8702 |             coordination.writeback_failed = true;
     |             ^^^^^^^^^^^^^^^^^^^^^^^^^^^^^^^^^^^^
     |
     = help: maybe it is overwritten before being read?

warning: variable does not need to be mutable
     --> src/konclude_ht/bridge.rs:13217:13
      |
13217 |         let mut renew = |algo: &mut CompletionTaskHandleAlgorithm,
      |             ----^^^^^
      |             |
      |             help: remove this `mut`

warning: variable does not need to be mutable
     --> src/konclude_ht/bridge.rs:20518:13
      |
20518 |         let mut env = bridge_ofn(include_str!(
      |             ----^^^
      |             |
      |             help: remove this `mut`

warning: variable does not need to be mutable
   --> src/konclude_ht/cache/backend_facade1.rs:644:13
    |
644 |         let mut associations_updated = false;
    |             ----^^^^^^^^^^^^^^^^^^^^
    |             |
    |             help: remove this `mut`

warning: value assigned to `update_slot` is never read
   --> src/konclude_ht/cache/unsat.rs:777:39
    |
777 |         let mut update_slot: Cint64 = 0;
    |                                       ^ this value is reassigned later and never used
...
784 |             update_slot = slot_arena.get(self.cache_slot_item).get_slot_index();
    |             ------------------------------------------------------------------- `update_slot` is overwritten here before the previous value is read

warning: value assigned to `update_slot` is never read
    --> src/konclude_ht/cache/unsat.rs:1013:39
     |
1013 |         let mut update_slot: Cint64 = 0;
     |                                       ^ this value is reassigned later and never used
...
1018 |             update_slot = slot_arena.get(self.cache_slot_item).get_slot_index();
     |             ------------------------------------------------------------------- `update_slot` is overwritten here before the previous value is read

warning: value assigned to `next_priority` is never read
   --> src/konclude_ht/completion/strategy.rs:282:9
    |
282 |         next_priority = 2;
    |         ^^^^^^^^^^^^^^^^^
    |
    = help: maybe it is overwritten before being read?

warning: value assigned to `priority` is never read
   --> src/konclude_ht/completion/strategy.rs:349:33
    |
349 |         let mut priority: f64 = 0.0;
    |                                 ^^^ this value is reassigned later and never used
350 |         priority = self.sym(c_code);
    |         --------------------------- `priority` is overwritten here before the previous value is read

warning: value assigned to `subsum_message_data_linker` is never read
    --> src/konclude_ht/completion/stubs.rs:1979:46
     |
1979 |         let mut subsum_message_data_linker = None;
     |                                              ^^^^ this value is reassigned later and never used
...
1991 |             subsum_message_data_linker = Some(ClassificationMessageDataLinker::from_message(
     |             -------------------------- `subsum_message_data_linker` is overwritten here before the previous value is read

warning: value assigned to `subsum_message_data_linker` is never read
    --> src/konclude_ht/completion/stubs.rs:2098:46
     |
2098 |         let mut subsum_message_data_linker = None;
     |                                              ^^^^ this value is reassigned later and never used
...
2110 |             subsum_message_data_linker = Some(ClassificationMessageDataLinker::from_message(
     |             -------------------------- `subsum_message_data_linker` is overwritten here before the previous value is read

warning: unused variable: `ontology`
    --> src/konclude_ht/completion/stubs.rs:2472:9
     |
2472 |         ontology: &OntologyArenas,
     |         ^^^^^^^^ help: if this is intentional, prefix it with an underscore: `_ontology`
     |
     = note: `#[warn(unused_variables)]` (part of `#[warn(unused)]`) on by default

warning: variable does not need to be mutable
    --> src/konclude_ht/completion/stubs.rs:5219:13
     |
5219 |         let mut remaining_merging_depth = 5;
     |             ----^^^^^^^^^^^^^^^^^^^^^^^
     |             |
     |             help: remove this `mut`

warning: variable does not need to be mutable
   --> src/konclude_ht/completion/u03.rs:952:9
    |
952 |         mut operands: Vec<NegLink<ConceptId>>,
    |         ----^^^^^^^^
    |         |
    |         help: remove this `mut`

warning: variable does not need to be mutable
   --> src/konclude_ht/completion/u08.rs:122:17
    |
122 |             let mut triggered_concepts: ConDescId = Id::NONE;
    |                 ----^^^^^^^^^^^^^^^^^^
    |                 |
    |                 help: remove this `mut`

warning: variable does not need to be mutable
   --> src/konclude_ht/completion/u08.rs:166:13
    |
166 |         let mut triggered_concepts: ConDescId = Id::NONE;
    |             ----^^^^^^^^^^^^^^^^^^
    |             |
    |             help: remove this `mut`

warning: variable does not need to be mutable
   --> src/konclude_ht/completion/u08.rs:437:13
    |
437 |         let mut saturation_node: SatNodeId = if self.conf_expand_created_successors_from_saturation
    |             ----^^^^^^^^^^^^^^^
    |             |
    |             help: remove this `mut`

warning: variable does not need to be mutable
   --> src/konclude_ht/completion/u14.rs:693:13
    |
693 |         let mut merged_individual;
    |             ----^^^^^^^^^^^^^^^^^
    |             |
    |             help: remove this `mut`

warning: variable does not need to be mutable
   --> src/konclude_ht/completion/u14.rs:694:13
    |
694 |         let mut adding_individual;
    |             ----^^^^^^^^^^^^^^^^^
    |             |
    |             help: remove this `mut`

warning: variable does not need to be mutable
   --> src/konclude_ht/completion/u14.rs:768:13
    |
768 |         let mut new_empty_indi_node_ref = new_empty_indi_node;
    |             ----^^^^^^^^^^^^^^^^^^^^^^^
    |             |
    |             help: remove this `mut`

warning: variable does not need to be mutable
    --> src/konclude_ht/completion/u16.rs:1142:13
     |
1142 |         let mut nominal_individual = indi;
     |             ----^^^^^^^^^^^^^^^^^^
     |             |
     |             help: remove this `mut`

warning: variable does not need to be mutable
   --> src/konclude_ht/completion/u17.rs:105:13
    |
105 |         let mut state = calc_alg_context.take_used_saturation_node_expansion_cache_handler()?;
    |             ----^^^^^
    |             |
    |             help: remove this `mut`

warning: value assigned to `block_alt_data` is never read
    --> src/konclude_ht/completion/u19.rs:1102:65
     |
1102 |         let mut block_alt_data: BlockingAlternativeDataHandle = Id::NONE;
     |                                                                 ^^^^^^^^ this value is reassigned later and never used
...
1153 |             block_alt_data = Id::NONE;
     |             ------------------------- `block_alt_data` is overwritten here before the previous value is read

warning: value assigned to `blocking_indi_node` is never read
    --> src/konclude_ht/completion/u19.rs:1369:46
     |
1369 |           let mut blocking_indi_node: NodeId = Id::NONE;
     |                                                ^^^^^^^^ this value is reassigned later and never used
...
1372 | /             blocking_indi_node = calc_alg_context
1373 | |                 .process_context()
1374 | |                 .blocking_test_data(block_data)
1375 | |                 .get_blocking_individual_node();
     | |_______________________________________________- `blocking_indi_node` is overwritten here before the previous value is read

warning: value assigned to `min_test_anc_indi_depth` is never read
    --> src/konclude_ht/completion/u19.rs:1770:45
     |
1770 |                     (min_test_indi_node_id, min_test_anc_indi_depth) = calc_alg_context
     |                                             ^^^^^^^^^^^^^^^^^^^^^^^
     |
     = help: maybe it is overwritten before being read?

warning: value assigned to `synchronized` is never read
   --> src/konclude_ht/completion/u21.rs:270:32
    |
270 |           let mut synchronized = false;
    |                                  ^^^^^ this value is reassigned later and never used
...
424 | /         synchronized = calc_alg_context
425 | |             .process_context()
426 | |             .node(individual_node)
427 | |             .has_partial_processing_restriction_flags(Node::PRF_SYNCHRONIZEDBACKEND);
    | |____________________________________________________________________________________- `synchronized` is overwritten here before the previous value is read

warning: value assigned to `backend_sync_data` is never read
    --> src/konclude_ht/completion/u25.rs:1902:25
     |
1902 |                         backend_sync_data = loc_backend_sync_data;
     |                         ^^^^^^^^^^^^^^^^^^^^^^^^^^^^^^^^^^^^^^^^^
     |
     = help: maybe it is overwritten before being read?

warning: variable does not need to be mutable
    --> src/konclude_ht/completion/u36.rs:1403:17
     |
1403 |             let mut expansion_blocked = native_expansion_blocked;
     |                 ----^^^^^^^^^^^^^^^^^
     |                 |
     |                 help: remove this `mut`

warning: variable does not need to be mutable
     --> src/konclude_ht/completion/selftest.rs:10119:9
      |
10119 |     let mut algo = CompletionTaskHandleAlgorithm::new();
      |         ----^^^^
      |         |
      |         help: remove this `mut`

warning: variable does not need to be mutable
    --> src/konclude_ht/process/dep1.rs:1298:13
     |
1298 |         let mut dep_arena = Arena::new();
     |             ----^^^^^^^^^
     |             |
     |             help: remove this `mut`

warning: unused variable: `concept`
   --> src/konclude_ht/process/ls1.rs:982:9
    |
982 |         concept: ConceptId,
    |         ^^^^^^^ help: if this is intentional, prefix it with an underscore: `_concept`

warning: value assigned to `list` is never read
   --> src/konclude_ht/process/varbind.rs:319:25
    |
319 |                         list = ctx.var_binding_des(first_linker).get_next();
    |                         ^^^^^^^^^^^^^^^^^^^^^^^^^^^^^^^^^^^^^^^^^^^^^^^^^^^
    |
    = help: maybe it is overwritten before being read?

warning: variable does not need to be mutable
    --> src/konclude_ht/saturation/s06.rs:1137:13
     |
1137 |         let mut updated = false;
     |             ----^^^^^^^
     |             |
     |             help: remove this `mut`

warning: value assigned to `resolved_node` is never read
   --> src/konclude_ht/saturation/s10.rs:149:33
    |
149 |           let mut resolved_node = SatNodeId::NONE;
    |                                   ^^^^^^^^^^^^^^^ this value is reassigned later and never used
...
262 | /             resolved_node = self.create_resolved_individual_node(
263 | |                 resolve_data,
264 | |                 &mut copy_indi_proc_sat_node,
265 | |                 true,
266 | |                 calc_alg_context,
267 | |             );
    | |_____________- `resolved_node` is overwritten here before the previous value is read

warning: value assigned to `resolved_node` is never read
   --> src/konclude_ht/saturation/s10.rs:369:33
    |
369 |           let mut resolved_node = SatNodeId::NONE;
    |                                   ^^^^^^^^^^^^^^^ this value is reassigned later and never used
...
453 | /             resolved_node = self.create_resolved_individual_node(
454 | |                 resolve_data,
455 | |                 &mut copy_indi_proc_sat_node,
456 | |                 true,
457 | |                 calc_alg_context,
458 | |             );
    | |_____________- `resolved_node` is overwritten here before the previous value is read

warning: value assigned to `resolved_node` is never read
   --> src/konclude_ht/saturation/s10.rs:540:33
    |
540 |           let mut resolved_node = SatNodeId::NONE;
    |                                   ^^^^^^^^^^^^^^^ this value is reassigned later and never used
...
575 | /             resolved_node = self.create_resolved_individual_node(
576 | |                 resolve_data,
577 | |                 &mut copy_indi_proc_sat_node,
578 | |                 true,
579 | |                 calc_alg_context,
580 | |             );
    | |_____________- `resolved_node` is overwritten here before the previous value is read

warning: unused variable: `i`
    --> src/orchestrate/cb_to_ht.rs:1468:10
     |
1468 |     for (i, n) in ids.con_names.iter().enumerate() {
     |          ^ help: if this is intentional, prefix it with an underscore: `_i`

warning: variable does not need to be mutable
    --> src/orchestrate/cb_to_ht.rs:3970:13
     |
3970 |         let mut note = |ind: &str, individuals: &mut BTreeSet<String>| {
     |             ----^^^^
     |             |
     |             help: remove this `mut`

warning: variable does not need to be mutable
    --> src/hypertableau.rs:7039:13
     |
7039 |         let mut chain_fwd: HashMap<R, Vec<(R, R)>> = HashMap::new();
     |             ----^^^^^^^^^
     |             |
     |             help: remove this `mut`

warning: variable does not need to be mutable
    --> src/hypertableau.rs:7040:13
     |
7040 |         let mut chain_bwd: HashMap<R, Vec<(R, R)>> = HashMap::new();
     |             ----^^^^^^^^^
     |             |
     |             help: remove this `mut`

warning: unused variable: `variable_count`
     --> src/hypertableau.rs:13015:14
      |
13015 |         let (variable_count, concept_count, role_count, equality_ontology) =
      |              ^^^^^^^^^^^^^^ help: if this is intentional, prefix it with an underscore: `_variable_count`

warning: unused variable: `role_count`
     --> src/hypertableau.rs:13015:45
      |
13015 |         let (variable_count, concept_count, role_count, equality_ontology) =
      |                                             ^^^^^^^^^^ help: if this is intentional, prefix it with an underscore: `_role_count`

warning: variable does not need to be mutable
    --> src/tableau.rs:7347:9
     |
7347 |     let mut replace_cell_abox = |cell: &mut serde_json::Value| -> Result<(), String> {
     |         ----^^^^^^^^^^^^^^^^^
     |         |
     |         help: remove this `mut`

warning: type `tableau::hypertableau::CardDef` is more private than the item `tableau::hypertableau::Ht::set_card_defs`
     --> src/hypertableau.rs:18281:5
      |
18281 |     pub fn set_card_defs(&mut self, defs: HashMap<C, CardDef>) {
      |     ^^^^^^^^^^^^^^^^^^^^^^^^^^^^^^^^^^^^^^^^^^^^^^^^^^^^^^^^^^ method `tableau::hypertableau::Ht::set_card_defs` is reachable at visibility `pub`
      |
note: but type `tableau::hypertableau::CardDef` is only usable at visibility `pub(self)`
     --> src/hypertableau.rs:451:1
      |
  451 | struct CardDef {
      | ^^^^^^^^^^^^^^
      = note: `#[warn(private_interfaces)]` on by default

warning: function `residual_clause_active` is never used
    --> src/elcomplete.rs:6323:4
     |
6323 | fn residual_clause_active(rc: &RClause, alive: &[bool]) -> bool {
     |    ^^^^^^^^^^^^^^^^^^^^^^
     |
     = note: `#[warn(dead_code)]` (part of `#[warn(unused)]`) on by default

warning: variants `Top` and `Bottom` are never constructed
   --> src/frontend/bottom_prepass.rs:175:5
    |
173 | enum RawClassConstraint {
    |      ------------------ variants in this enum
174 |     Name(String),
175 |     Top,
    |     ^^^
176 |     Bottom,
    |     ^^^^^^
    |
    = note: `RawClassConstraint` has derived impls for the traits `Debug` and `Clone`, but these are intentionally ignored during dead code analysis

warning: method `role_supers` is never used
   --> src/frontend/data_abox.rs:788:8
    |
444 | impl<'a> DataAbox<'a> {
    | --------------------- method in this implementation
...
788 |     fn role_supers(&self, p: &'a str) -> Vec<&'a str> {
    |        ^^^^^^^^^^^

warning: variant `Other` is never constructed
   --> src/frontend/datatypes.rs:360:5
    |
351 | enum Partition {
    |      --------- variant in this enum
...
360 |     Other,
    |     ^^^^^
    |
    = note: `Partition` has derived impls for the traits `Debug` and `Clone`, but these are intentionally ignored during dead code analysis

warning: function `snapshot_native_consistency_nominal_nondeterministic_prefix` is never used
    --> src/konclude_ht/bridge.rs:8929:4
     |
8929 | fn snapshot_native_consistency_nominal_nondeterministic_prefix(
     |    ^^^^^^^^^^^^^^^^^^^^^^^^^^^^^^^^^^^^^^^^^^^^^^^^^^^^^^^^^^^

warning: function `positive_class_assertion_iris` is never used
   --> src/orchestrate/flat_nf1.rs:395:4
    |
395 | fn positive_class_assertion_iris(line: &str) -> Option<(&str, &str)> {
    |    ^^^^^^^^^^^^^^^^^^^^^^^^^^^^^

warning: direct cast of function item into an integer
  --> src/cli.rs:68:55
   |
68 |             libc::signal(libc::SIGUSR1, km_sigusr1_bt as usize as libc::sighandler_t);
   |                                                       ^^^^^^^^
   |
   = note: `#[warn(function_casts_as_integer)]` on by default
help: first cast to a pointer `as *const ()`
   |
68 |             libc::signal(libc::SIGUSR1, km_sigusr1_bt as *const () as usize as libc::sighandler_t);
   |                                                       ++++++++++++

warning: for loop over a `&Option`. This is more readably written as an `if let` statement
   --> src/frontend/ground_rule_source.rs:143:19
    |
143 |     for domain in &paths.domain { axioms.push(format!("Declaration(Class({}))", name(domain)?)); }
    |                   ^^^^^^^^^^^^^
    |
    = note: `#[warn(for_loops_over_fallibles)]` on by default
help: to check pattern in a loop use `while let`
    |
143 -     for domain in &paths.domain { axioms.push(format!("Declaration(Class({}))", name(domain)?)); }
143 +     while let Some(domain) = &paths.domain { axioms.push(format!("Declaration(Class({}))", name(domain)?)); }
    |
help: consider using `if let` to clear intent
    |
143 -     for domain in &paths.domain { axioms.push(format!("Declaration(Class({}))", name(domain)?)); }
143 +     if let Some(domain) = &paths.domain { axioms.push(format!("Declaration(Class({}))", name(domain)?)); }
    |

warning: `kobayashi-marust` (lib test) generated 78 warnings (run `cargo fix --lib -p kobayashi-marust --tests` to apply 42 suggestions)
    Finished `release` profile [optimized] target(s) in 3m 22s
     Running unittests src/lib.rs (.work/target-diagnostic/release/deps/kobayashi_marust-20a02bdeb710addf)

running 1 test
test konclude_ht::bridge::tests::ddb_preserves_satisfiable_disjoint_cardinality_partition ... ok

test result: ok. 1 passed; 0 failed; 0 ignored; 0 measured; 2699 filtered out; finished in 0.05s

