KM_ELC_CERT checking 252 residual clauses
KM_ELC_CERT residual census: 252 clause(s) = 6 top-level cover(s) [violated once per node] + 14 inverse bridge(s) + 0 role inclusion(s) [once per edge] + 9 at-most bound(s) [2] + 27 forced-distinct witness pair(s) + 61 range clause(s) + 135 other
KM_ELC_CERT repair guidance: 27 pinned witness pair(s), 9 at-most bound(s), 9 partition-side concept(s)
KM_ELC_CERT repair pass 0 round 1: scan 1.67s violations=100000 top_clauses=[(120, 99704), (116, 28), (119, 24), (118, 12), (0, 2), (1, 2)] (budget_left=399891258)
KM_ELC_CERT repair pass 0 round 1: close 0.51s (adds=99966, merges=1, card_demoted=0, subsumptions=78978158, edges=44171394)
KM_ELC_CERT repair pass 0 round 2: scan 1.70s violations=100000 top_clauses=[(120, 100000)] (budget_left=399663649)
KM_ELC_CERT repair pass 0 round 2: close 0.03s (adds=199966, merges=1, card_demoted=0, subsumptions=79078160, edges=44171394)
KM_ELC_CERT repair pass 0 round 3: scan 1.70s violations=100000 top_clauses=[(120, 100000)] (budget_left=399335767)
KM_ELC_CERT repair pass 0 round 3: close 0.03s (adds=299966, merges=1, card_demoted=0, subsumptions=79178160, edges=44171394)
KM_ELC_CERT repair pass 0 round 4: scan 1.72s violations=100000 top_clauses=[(120, 69738), (127, 30226), (126, 24), (125, 12)] (budget_left=398906350)
KM_ELC_CERT repair pass 0 round 4: close 0.03s (adds=399932, merges=2, card_demoted=0, subsumptions=79278125, edges=44171390)
KM_ELC_CERT repair pass 0 round 5: scan 1.72s violations=100000 top_clauses=[(127, 100000)] (budget_left=398372282)
KM_ELC_CERT repair pass 0 round 5: close 0.02s (adds=499932, merges=2, card_demoted=0, subsumptions=79378128, edges=44171390)
KM_ELC_CERT repair pass 0 round 6: scan 1.76s violations=100000 top_clauses=[(127, 100000)] (budget_left=397737941)
KM_ELC_CERT repair pass 0 round 6: close 0.02s (adds=599932, merges=2, card_demoted=0, subsumptions=79478128, edges=44171390)
KM_ELC_CERT repair pass 0 round 7: scan 1.77s violations=100000 top_clauses=[(127, 100000)] (budget_left=397003597)
KM_ELC_CERT repair pass 0 round 7: close 0.02s (adds=699932, merges=2, card_demoted=0, subsumptions=79578129, edges=44171390)
KM_ELC_CERT repair pass 0 round 8: scan 1.81s violations=100000 top_clauses=[(134, 60749), (127, 39215), (133, 24), (132, 12)] (budget_left=396167431)
KM_ELC_CERT repair pass 0 round 8: close 0.02s (adds=799897, merges=3, card_demoted=0, subsumptions=79678093, edges=44171386)
KM_ELC_CERT repair pass 0 round 9: scan 1.80s violations=100000 top_clauses=[(134, 100000)] (budget_left=395227577)
KM_ELC_CERT repair pass 0 round 9: close 0.03s (adds=899897, merges=3, card_demoted=0, subsumptions=79778096, edges=44171386)
KM_ELC_CERT repair pass 0 round 10: scan 1.84s violations=100000 top_clauses=[(134, 100000)] (budget_left=394187646)
KM_ELC_CERT repair pass 0 round 10: close 0.03s (adds=999897, merges=3, card_demoted=0, subsumptions=79878098, edges=44171386)
KM_ELC_CERT repair pass 0 round 11: scan 1.89s violations=100000 top_clauses=[(134, 100000)] (budget_left=393047409)
KM_ELC_CERT repair pass 0 round 11: close 0.02s (adds=1099897, merges=3, card_demoted=0, subsumptions=79978098, edges=44171386)
KM_ELC_CERT repair pass 0 round 12: scan 1.94s violations=100000 top_clauses=[(145, 91201), (134, 8692), (143, 32), (144, 30), (140, 27), (141, 14)] (budget_left=391804569)
KM_ELC_CERT repair pass 0 round 12: close 0.62s (adds=1199846, merges=4, card_demoted=0, subsumptions=80195731, edges=44239845)
KM_ELC_CERT repair pass 0 round 13: scan 1.93s violations=100000 top_clauses=[(145, 100000)] (budget_left=390448601)
KM_ELC_CERT repair pass 0 round 13: close 0.03s (adds=1299846, merges=4, card_demoted=0, subsumptions=80295735, edges=44239845)
KM_ELC_CERT repair pass 0 round 14: scan 2.01s violations=100000 top_clauses=[(145, 99976), (144, 24)] (budget_left=388991532)
KM_ELC_CERT repair pass 0 round 14: close 0.03s (adds=1399823, merges=5, card_demoted=0, subsumptions=80398848, edges=44240466)
KM_ELC_CERT repair pass 0 round 15: scan 2.46s violations=100000 top_clauses=[(145, 78262), (152, 19530), (151, 2106), (150, 102)] (budget_left=387115659)
KM_ELC_CERT repair pass 0 round 15: close 2.36s (adds=1497631, merges=17, card_demoted=0, subsumptions=81914485, edges=45055016)
KM_ELC_CERT repair pass 0 round 16: scan 12.50s violations=100000 top_clauses=[(152, 100000)] (budget_left=366271170)
KM_ELC_CERT repair pass 0 round 16: close 0.04s (adds=1597627, merges=17, card_demoted=0, subsumptions=82014969, edges=45055593)
KM_ELC_CERT repair pass 0 round 17: scan 12.38s violations=100000 top_clauses=[(152, 100000)] (budget_left=344661136)
KM_ELC_CERT repair pass 0 round 17: close 0.03s (adds=1697626, merges=17, card_demoted=0, subsumptions=82114982, edges=45055593)
KM_ELC_CERT repair pass 0 round 18: scan 12.18s violations=100000 top_clauses=[(152, 100000)] (budget_left=322135766)
KM_ELC_CERT repair pass 0 round 18: close 0.03s (adds=1797626, merges=17, card_demoted=0, subsumptions=82214987, edges=45055593)
KM_ELC_CERT repair pass 0 round 19: scan 12.24s violations=100000 top_clauses=[(165, 50065), (152, 49887), (164, 36), (163, 12)] (budget_left=298473202)
KM_ELC_CERT repair pass 0 round 19: close 0.04s (adds=1897578, merges=18, card_demoted=0, subsumptions=82314940, edges=45055588)
KM_ELC_CERT repair pass 0 round 20: scan 12.37s violations=100000 top_clauses=[(165, 100000)] (budget_left=274180724)
KM_ELC_CERT repair pass 0 round 20: close 0.04s (adds=1997577, merges=18, card_demoted=0, subsumptions=82414953, edges=45055588)
KM_ELC_CERT repair pass 0 round 21: scan 12.40s violations=100000 top_clauses=[(165, 100000)] (budget_left=249787966)
KM_ELC_CERT repair pass 0 round 21: close 0.04s (adds=2097577, merges=18, card_demoted=0, subsumptions=82514959, edges=45055588)
KM_ELC_CERT repair pass 0 round 22: scan 12.49s violations=100000 top_clauses=[(165, 100000)] (budget_left=225295200)
KM_ELC_CERT repair pass 0 round 22: close 0.04s (adds=2197577, merges=18, card_demoted=0, subsumptions=82614960, edges=45055588)
KM_ELC_CERT repair pass 0 round 23: scan 12.34s violations=100000 top_clauses=[(177, 80623), (165, 19361), (169, 2), (170, 2), (171, 2), (172, 2)] (budget_left=200701198)
Command exited with non-zero status 124
GATE wall=240.43 rss=5594140kB
