KM_ELC_CERT checking 252 residual clauses
KM_ELC_CERT residual census: 252 clause(s) = 6 top-level cover(s) [violated once per node] + 14 inverse bridge(s) + 0 role inclusion(s) [once per edge] + 9 at-most bound(s) [2] + 27 forced-distinct witness pair(s) + 61 range clause(s) + 135 other
KM_ELC_CERT residual[0] other nvars=1 pins=0 body=[C] head=[CC]
KM_ELC_CERT residual[1] other nvars=1 pins=0 body=[C] head=[CC]
KM_ELC_CERT residual[2] other nvars=1 pins=0 body=[C] head=[CC]
KM_ELC_CERT residual[3] other nvars=1 pins=0 body=[C] head=[CC]
KM_ELC_CERT residual[4] other nvars=1 pins=0 body=[C] head=[CC]
KM_ELC_CERT residual[5] other nvars=1 pins=0 body=[C] head=[CC]
KM_ELC_CERT residual[6] other nvars=1 pins=0 body=[C] head=[CCC]
KM_ELC_CERT residual[7] other nvars=1 pins=0 body=[C] head=[CC]
KM_ELC_CERT residual[8] other nvars=1 pins=0 body=[C] head=[CC]
KM_ELC_CERT residual[9] other nvars=1 pins=0 body=[C] head=[CCC]
KM_ELC_CERT residual[10] other nvars=1 pins=0 body=[C] head=[CC]
KM_ELC_CERT residual[11] other nvars=1 pins=0 body=[C] head=[CC]
KM_ELC_CERT residual[12] other nvars=1 pins=0 body=[C] head=[CC]
KM_ELC_CERT residual[13] other nvars=1 pins=0 body=[C] head=[CC]
KM_ELC_CERT residual[14] other nvars=1 pins=0 body=[C] head=[CC]
KM_ELC_CERT residual[15] other nvars=1 pins=0 body=[C] head=[CC]
KM_ELC_CERT residual[16] other nvars=1 pins=0 body=[C] head=[CC]
KM_ELC_CERT residual[17] other nvars=1 pins=0 body=[C] head=[CC]
KM_ELC_CERT residual[18] other nvars=1 pins=0 body=[C] head=[CC]
KM_ELC_CERT residual[19] other nvars=1 pins=0 body=[C] head=[CC]
KM_ELC_CERT residual[20] other nvars=1 pins=0 body=[C] head=[CC]
KM_ELC_CERT residual[21] other nvars=1 pins=0 body=[C] head=[CC]
KM_ELC_CERT residual[22] other nvars=1 pins=0 body=[C] head=[CC]
KM_ELC_CERT residual[23] other nvars=1 pins=0 body=[C] head=[CC]
KM_ELC_CERT residual[24] other nvars=1 pins=0 body=[C] head=[CC]
KM_ELC_CERT residual[25] other nvars=1 pins=0 body=[C] head=[CCC]
KM_ELC_CERT residual[26] other nvars=1 pins=0 body=[C] head=[CC]
KM_ELC_CERT residual[27] other nvars=1 pins=0 body=[C] head=[CC]
KM_ELC_CERT residual[28] other nvars=1 pins=0 body=[C] head=[CC]
KM_ELC_CERT residual[29] other nvars=1 pins=0 body=[C] head=[CC]
KM_ELC_CERT residual[30] other nvars=1 pins=0 body=[C] head=[CC]
KM_ELC_CERT residual[31] other nvars=1 pins=0 body=[C] head=[CC]
KM_ELC_CERT residual[32] other nvars=1 pins=0 body=[C] head=[CC]
KM_ELC_CERT residual[33] other nvars=1 pins=0 body=[C] head=[CC]
KM_ELC_CERT residual[34] other nvars=1 pins=0 body=[C] head=[CC]
KM_ELC_CERT residual[35] other nvars=1 pins=0 body=[C] head=[CC]
KM_ELC_CERT residual[36] other nvars=1 pins=0 body=[C] head=[CC]
KM_ELC_CERT residual[37] other nvars=1 pins=0 body=[C] head=[CCC]
KM_ELC_CERT residual[38] other nvars=1 pins=0 body=[C] head=[CC]
KM_ELC_CERT residual[39] other nvars=1 pins=0 body=[C] head=[CC]
KM_ELC_CERT residual[40] other nvars=1 pins=0 body=[C] head=[CC]
KM_ELC_CERT residual[41] other nvars=1 pins=0 body=[C] head=[CC]
KM_ELC_CERT residual[42] other nvars=1 pins=0 body=[C] head=[CC]
KM_ELC_CERT residual[43] other nvars=1 pins=0 body=[C] head=[CC]
KM_ELC_CERT residual[44] other nvars=1 pins=0 body=[C] head=[CC]
KM_ELC_CERT residual[45] other nvars=1 pins=0 body=[C] head=[CC]
KM_ELC_CERT residual[46] other nvars=1 pins=0 body=[C] head=[CC]
KM_ELC_CERT residual[47] other nvars=1 pins=0 body=[C] head=[CC]
KM_ELC_CERT residual[48] other nvars=1 pins=0 body=[C] head=[CC]
KM_ELC_CERT residual[49] other nvars=1 pins=0 body=[C] head=[CC]
KM_ELC_CERT residual[50] other nvars=1 pins=0 body=[C] head=[CCCC]
KM_ELC_CERT residual[51] other nvars=1 pins=0 body=[C] head=[CC]
KM_ELC_CERT residual[52] other nvars=1 pins=0 body=[C] head=[CC]
KM_ELC_CERT residual[53] other nvars=1 pins=0 body=[C] head=[CC]
KM_ELC_CERT residual[54] other nvars=1 pins=0 body=[C] head=[CC]
KM_ELC_CERT residual[55] other nvars=1 pins=0 body=[C] head=[CC]
KM_ELC_CERT residual[56] other nvars=1 pins=0 body=[C] head=[CC]
KM_ELC_CERT residual[57] other nvars=1 pins=0 body=[C] head=[CCC]
KM_ELC_CERT residual[58] other nvars=1 pins=0 body=[C] head=[CC]
KM_ELC_CERT residual[59] other nvars=1 pins=0 body=[C] head=[CC]
KM_ELC_CERT residual[60] other nvars=1 pins=0 body=[C] head=[CCC]
KM_ELC_CERT residual[61] other nvars=1 pins=0 body=[C] head=[CC]
KM_ELC_CERT residual[62] other nvars=1 pins=0 body=[C] head=[CC]
KM_ELC_CERT residual[63] other nvars=1 pins=0 body=[C] head=[CC]
KM_ELC_CERT residual[64] other nvars=1 pins=0 body=[C] head=[CC]
KM_ELC_CERT residual[65] other nvars=1 pins=0 body=[C] head=[CC]
KM_ELC_CERT residual[66] other nvars=1 pins=0 body=[C] head=[CC]
KM_ELC_CERT residual[67] other nvars=1 pins=0 body=[C] head=[CC]
KM_ELC_CERT residual[68] other nvars=1 pins=0 body=[C] head=[CC]
KM_ELC_CERT residual[69] other nvars=1 pins=0 body=[C] head=[CC]
KM_ELC_CERT residual[70] other nvars=1 pins=0 body=[C] head=[CC]
KM_ELC_CERT residual[71] other nvars=1 pins=0 body=[C] head=[CC]
KM_ELC_CERT residual[72] other nvars=1 pins=0 body=[C] head=[CC]
KM_ELC_CERT residual[73] other nvars=1 pins=0 body=[C] head=[CC]
KM_ELC_CERT residual[74] other nvars=1 pins=0 body=[C] head=[CC]
KM_ELC_CERT residual[75] other nvars=1 pins=0 body=[C] head=[CC]
KM_ELC_CERT residual[76] other nvars=1 pins=0 body=[C] head=[CC]
KM_ELC_CERT residual[77] other nvars=1 pins=0 body=[C] head=[CC]
KM_ELC_CERT residual[78] other nvars=1 pins=0 body=[C] head=[CC]
KM_ELC_CERT residual[79] other nvars=1 pins=0 body=[C] head=[CC]
KM_ELC_CERT residual[80] other nvars=1 pins=0 body=[C] head=[CC]
KM_ELC_CERT residual[81] other nvars=1 pins=0 body=[C] head=[CC]
KM_ELC_CERT residual[82] other nvars=1 pins=0 body=[C] head=[CC]
KM_ELC_CERT residual[83] other nvars=1 pins=0 body=[C] head=[CC]
KM_ELC_CERT residual[84] other nvars=1 pins=0 body=[C] head=[CC]
KM_ELC_CERT residual[85] other nvars=1 pins=0 body=[C] head=[CC]
KM_ELC_CERT residual[86] other nvars=1 pins=0 body=[C] head=[CC]
KM_ELC_CERT residual[87] other nvars=1 pins=0 body=[C] head=[CC]
KM_ELC_CERT residual[88] other nvars=1 pins=0 body=[C] head=[CC]
KM_ELC_CERT residual[89] other nvars=1 pins=0 body=[C] head=[CC]
KM_ELC_CERT residual[90] other nvars=1 pins=0 body=[C] head=[CC]
KM_ELC_CERT residual[91] other nvars=1 pins=0 body=[C] head=[CC]
KM_ELC_CERT residual[92] other nvars=1 pins=0 body=[C] head=[CC]
KM_ELC_CERT residual[93] other nvars=1 pins=0 body=[C] head=[CC]
KM_ELC_CERT residual[94] other nvars=1 pins=0 body=[C] head=[CC]
KM_ELC_CERT residual[95] other nvars=1 pins=0 body=[C] head=[CC]
KM_ELC_CERT residual[96] other nvars=1 pins=0 body=[C] head=[CC]
KM_ELC_CERT residual[97] other nvars=1 pins=0 body=[C] head=[CC]
KM_ELC_CERT residual[98] other nvars=1 pins=0 body=[C] head=[CC]
KM_ELC_CERT residual[99] other nvars=1 pins=0 body=[C] head=[CC]
KM_ELC_CERT residual[100] other nvars=1 pins=0 body=[C] head=[CC]
KM_ELC_CERT residual[101] other nvars=1 pins=0 body=[C] head=[CC]
KM_ELC_CERT residual[102] other nvars=1 pins=0 body=[C] head=[CC]
KM_ELC_CERT residual[103] other nvars=1 pins=0 body=[C] head=[CC]
KM_ELC_CERT residual[104] other nvars=1 pins=0 body=[C] head=[CC]
KM_ELC_CERT residual[105] other nvars=1 pins=0 body=[C] head=[CC]
KM_ELC_CERT residual[106] other nvars=1 pins=0 body=[C] head=[CC]
KM_ELC_CERT residual[107] other nvars=1 pins=0 body=[C] head=[CC]
KM_ELC_CERT residual[108] other nvars=1 pins=0 body=[C] head=[CC]
KM_ELC_CERT residual[109] other nvars=1 pins=0 body=[C] head=[CC]
KM_ELC_CERT residual[110] other nvars=1 pins=0 body=[C] head=[CC]
KM_ELC_CERT residual[111] other nvars=1 pins=0 body=[C] head=[CC]
KM_ELC_CERT residual[112] other nvars=1 pins=0 body=[C] head=[CC]
KM_ELC_CERT residual[113] other nvars=1 pins=0 body=[C] head=[CC]
KM_ELC_CERT residual[114] other nvars=1 pins=0 body=[C] head=[CC]
KM_ELC_CERT residual[115] other nvars=1 pins=0 body=[C] head=[CC]
KM_ELC_CERT residual[116] other nvars=1 pins=0 body=[C] head=[CC]
KM_ELC_CERT residual[117] distinct_pin nvars=3 pins=2 body=[C=] head=[]
KM_ELC_CERT residual[118] other nvars=3 pins=0 body=[CCRR] head=[C=]
KM_ELC_CERT residual[119] at_most<=(2) role=259437 fillers=1 nvars=4 pins=0 body=[CCCCRRR] head=[===]
KM_ELC_CERT residual[120] top_cover<2> sides=[guards{at_most},guards{pin}] nvars=1 pins=0 body=[] head=[CC]
KM_ELC_CERT residual[121] distinct_pin nvars=3 pins=2 body=[C=] head=[]
KM_ELC_CERT residual[122] distinct_pin nvars=3 pins=2 body=[C=] head=[]
KM_ELC_CERT residual[123] distinct_pin nvars=3 pins=2 body=[C=] head=[]
KM_ELC_CERT residual[124] distinct_pin nvars=3 pins=2 body=[C=] head=[]
KM_ELC_CERT residual[125] other nvars=3 pins=0 body=[CCRR] head=[C=]
KM_ELC_CERT residual[126] at_most<=(2) role=259437 fillers=1 nvars=4 pins=0 body=[CCCCRRR] head=[===]
KM_ELC_CERT residual[127] top_cover<2> sides=[guards{at_most},guards{pin}] nvars=1 pins=0 body=[] head=[CC]
KM_ELC_CERT residual[128] distinct_pin nvars=3 pins=2 body=[C=] head=[]
KM_ELC_CERT residual[129] distinct_pin nvars=3 pins=2 body=[C=] head=[]
KM_ELC_CERT residual[130] distinct_pin nvars=3 pins=2 body=[C=] head=[]
KM_ELC_CERT residual[131] distinct_pin nvars=3 pins=2 body=[C=] head=[]
KM_ELC_CERT residual[132] other nvars=3 pins=0 body=[CCRR] head=[C=]
KM_ELC_CERT residual[133] at_most<=(2) role=259437 fillers=1 nvars=4 pins=0 body=[CCCCRRR] head=[===]
KM_ELC_CERT residual[134] top_cover<2> sides=[guards{at_most},guards{pin}] nvars=1 pins=0 body=[] head=[CC]
KM_ELC_CERT residual[135] distinct_pin nvars=3 pins=2 body=[C=] head=[]
KM_ELC_CERT residual[136] distinct_pin nvars=3 pins=2 body=[C=] head=[]
KM_ELC_CERT residual[137] distinct_pin nvars=3 pins=2 body=[C=] head=[]
KM_ELC_CERT residual[138] other nvars=1 pins=0 body=[C] head=[CC]
KM_ELC_CERT residual[139] other nvars=1 pins=0 body=[C] head=[CC]
KM_ELC_CERT residual[140] other nvars=1 pins=0 body=[C] head=[CC]
KM_ELC_CERT residual[141] other nvars=1 pins=0 body=[C] head=[CC]
KM_ELC_CERT residual[142] distinct_pin nvars=3 pins=2 body=[C=] head=[]
KM_ELC_CERT residual[143] other nvars=3 pins=0 body=[CCRR] head=[C=]
KM_ELC_CERT residual[144] at_most<=(2) role=259437 fillers=1 nvars=4 pins=0 body=[CCCCRRR] head=[===]
KM_ELC_CERT residual[145] top_cover<2> sides=[guards{at_most},guards{pin}] nvars=1 pins=0 body=[] head=[CC]
KM_ELC_CERT residual[146] distinct_pin nvars=3 pins=2 body=[C=] head=[]
KM_ELC_CERT residual[147] distinct_pin nvars=3 pins=2 body=[C=] head=[]
KM_ELC_CERT residual[148] distinct_pin nvars=3 pins=2 body=[C=] head=[]
KM_ELC_CERT residual[149] distinct_pin nvars=3 pins=2 body=[C=] head=[]
KM_ELC_CERT residual[150] other nvars=3 pins=0 body=[CCRR] head=[C=]
KM_ELC_CERT residual[151] at_most<=(2) role=259437 fillers=1 nvars=4 pins=0 body=[CCCCRRR] head=[===]
KM_ELC_CERT residual[152] top_cover<2> sides=[guards{at_most},guards{pin}] nvars=1 pins=0 body=[] head=[CC]
KM_ELC_CERT residual[153] distinct_pin nvars=3 pins=2 body=[C=] head=[]
KM_ELC_CERT residual[154] distinct_pin nvars=3 pins=2 body=[C=] head=[]
KM_ELC_CERT residual[155] distinct_pin nvars=3 pins=2 body=[C=] head=[]
KM_ELC_CERT residual[156] distinct_pin nvars=3 pins=2 body=[C=] head=[]
KM_ELC_CERT residual[157] at_most<=(2) role=259437 fillers=1 nvars=4 pins=0 body=[CCCCRRR] head=[===]
KM_ELC_CERT residual[158] distinct_pin nvars=3 pins=2 body=[C=] head=[]
KM_ELC_CERT residual[159] at_most<=(2) role=259437 fillers=1 nvars=4 pins=0 body=[CCCCRRR] head=[===]
KM_ELC_CERT residual[160] distinct_pin nvars=3 pins=2 body=[C=] head=[]
KM_ELC_CERT residual[161] at_most<=(2) role=259437 fillers=1 nvars=4 pins=0 body=[CCCCRRR] head=[===]
KM_ELC_CERT residual[162] distinct_pin nvars=3 pins=2 body=[C=] head=[]
KM_ELC_CERT residual[163] other nvars=3 pins=0 body=[CCRR] head=[C=]
KM_ELC_CERT residual[164] at_most<=(2) role=259308 fillers=1 nvars=4 pins=0 body=[CCCCRRR] head=[===]
KM_ELC_CERT residual[165] top_cover<2> sides=[guards{at_most},guards{pin}] nvars=1 pins=0 body=[] head=[CC]
KM_ELC_CERT residual[166] distinct_pin nvars=3 pins=2 body=[C=] head=[]
KM_ELC_CERT residual[167] distinct_pin nvars=3 pins=2 body=[C=] head=[]
KM_ELC_CERT residual[168] distinct_pin nvars=3 pins=2 body=[C=] head=[]
KM_ELC_CERT residual[169] other nvars=1 pins=0 body=[C] head=[CC]
KM_ELC_CERT residual[170] other nvars=1 pins=0 body=[C] head=[CCC]
KM_ELC_CERT residual[171] other nvars=1 pins=0 body=[C] head=[CC]
KM_ELC_CERT residual[172] other nvars=1 pins=0 body=[C] head=[CCC]
KM_ELC_CERT residual[173] other nvars=1 pins=0 body=[C] head=[CCC]
KM_ELC_CERT residual[174] other nvars=1 pins=0 body=[C] head=[CCC]
KM_ELC_CERT residual[175] other nvars=1 pins=0 body=[C] head=[CC]
KM_ELC_CERT residual[176] other nvars=1 pins=0 body=[C] head=[CCC]
KM_ELC_CERT residual[177] inverse_bridge role=4 nvars=2 pins=0 body=[R] head=[R]
KM_ELC_CERT residual[178] inverse_bridge role=55721 nvars=2 pins=0 body=[R] head=[R]
KM_ELC_CERT residual[179] inverse_bridge role=278955 nvars=2 pins=0 body=[R] head=[R]
KM_ELC_CERT residual[180] inverse_bridge role=278958 nvars=2 pins=0 body=[R] head=[R]
KM_ELC_CERT residual[181] inverse_bridge role=292899 nvars=2 pins=0 body=[R] head=[R]
KM_ELC_CERT residual[182] inverse_bridge role=292882 nvars=2 pins=0 body=[R] head=[R]
KM_ELC_CERT residual[183] inverse_bridge role=8 nvars=2 pins=0 body=[R] head=[R]
KM_ELC_CERT residual[184] inverse_bridge role=264127 nvars=2 pins=0 body=[R] head=[R]
KM_ELC_CERT residual[185] inverse_bridge role=499892 nvars=2 pins=0 body=[R] head=[R]
KM_ELC_CERT residual[186] inverse_bridge role=264608 nvars=2 pins=0 body=[R] head=[R]
KM_ELC_CERT residual[187] inverse_bridge role=264640 nvars=2 pins=0 body=[R] head=[R]
KM_ELC_CERT residual[188] inverse_bridge role=499893 nvars=2 pins=0 body=[R] head=[R]
KM_ELC_CERT residual[189] inverse_bridge role=261460 nvars=2 pins=0 body=[R] head=[R]
KM_ELC_CERT residual[190] inverse_bridge role=259945 nvars=2 pins=0 body=[R] head=[R]
KM_ELC_CERT residual[191] range nvars=2 pins=0 body=[R] head=[C]
KM_ELC_CERT residual[192] range nvars=2 pins=0 body=[R] head=[C]
KM_ELC_CERT residual[193] range nvars=2 pins=0 body=[R] head=[C]
KM_ELC_CERT residual[194] range nvars=2 pins=0 body=[R] head=[C]
KM_ELC_CERT residual[195] range nvars=2 pins=0 body=[R] head=[C]
KM_ELC_CERT residual[196] range nvars=2 pins=0 body=[R] head=[C]
KM_ELC_CERT residual[197] range nvars=2 pins=0 body=[R] head=[C]
KM_ELC_CERT residual[198] range nvars=2 pins=0 body=[R] head=[C]
KM_ELC_CERT residual[199] range nvars=2 pins=0 body=[R] head=[C]
KM_ELC_CERT residual[200] range nvars=2 pins=0 body=[R] head=[C]
KM_ELC_CERT residual[201] range nvars=2 pins=0 body=[R] head=[C]
KM_ELC_CERT residual[202] range nvars=2 pins=0 body=[R] head=[C]
KM_ELC_CERT residual[203] range nvars=2 pins=0 body=[R] head=[C]
KM_ELC_CERT residual[204] range nvars=2 pins=0 body=[R] head=[C]
KM_ELC_CERT residual[205] range nvars=2 pins=0 body=[R] head=[C]
KM_ELC_CERT residual[206] range nvars=2 pins=0 body=[R] head=[C]
KM_ELC_CERT residual[207] range nvars=2 pins=0 body=[R] head=[C]
KM_ELC_CERT residual[208] range nvars=2 pins=0 body=[R] head=[C]
KM_ELC_CERT residual[209] range nvars=2 pins=0 body=[R] head=[C]
KM_ELC_CERT residual[210] range nvars=2 pins=0 body=[R] head=[C]
KM_ELC_CERT residual[211] range nvars=2 pins=0 body=[R] head=[C]
KM_ELC_CERT residual[212] range nvars=2 pins=0 body=[R] head=[C]
KM_ELC_CERT residual[213] range nvars=2 pins=0 body=[R] head=[C]
KM_ELC_CERT residual[214] range nvars=2 pins=0 body=[R] head=[C]
KM_ELC_CERT residual[215] range nvars=2 pins=0 body=[R] head=[C]
KM_ELC_CERT residual[216] range nvars=2 pins=0 body=[R] head=[C]
KM_ELC_CERT residual[217] range nvars=2 pins=0 body=[R] head=[C]
KM_ELC_CERT residual[218] range nvars=2 pins=0 body=[R] head=[C]
KM_ELC_CERT residual[219] range nvars=2 pins=0 body=[R] head=[C]
KM_ELC_CERT residual[220] range nvars=2 pins=0 body=[R] head=[C]
KM_ELC_CERT residual[221] range nvars=2 pins=0 body=[R] head=[C]
KM_ELC_CERT residual[222] range nvars=2 pins=0 body=[R] head=[C]
KM_ELC_CERT residual[223] range nvars=2 pins=0 body=[R] head=[C]
KM_ELC_CERT residual[224] range nvars=2 pins=0 body=[R] head=[C]
KM_ELC_CERT residual[225] range nvars=2 pins=0 body=[R] head=[C]
KM_ELC_CERT residual[226] range nvars=2 pins=0 body=[R] head=[C]
KM_ELC_CERT residual[227] range nvars=2 pins=0 body=[R] head=[C]
KM_ELC_CERT residual[228] range nvars=2 pins=0 body=[R] head=[C]
KM_ELC_CERT residual[229] range nvars=2 pins=0 body=[R] head=[C]
KM_ELC_CERT residual[230] range nvars=2 pins=0 body=[R] head=[C]
KM_ELC_CERT residual[231] range nvars=2 pins=0 body=[R] head=[C]
KM_ELC_CERT residual[232] range nvars=2 pins=0 body=[R] head=[C]
KM_ELC_CERT residual[233] range nvars=2 pins=0 body=[R] head=[C]
KM_ELC_CERT residual[234] range nvars=2 pins=0 body=[R] head=[C]
KM_ELC_CERT residual[235] range nvars=2 pins=0 body=[R] head=[C]
KM_ELC_CERT residual[236] range nvars=2 pins=0 body=[R] head=[C]
KM_ELC_CERT residual[237] range nvars=2 pins=0 body=[R] head=[C]
KM_ELC_CERT residual[238] range nvars=2 pins=0 body=[R] head=[C]
KM_ELC_CERT residual[239] range nvars=2 pins=0 body=[R] head=[C]
KM_ELC_CERT residual[240] range nvars=2 pins=0 body=[R] head=[C]
KM_ELC_CERT residual[241] range nvars=2 pins=0 body=[R] head=[C]
KM_ELC_CERT residual[242] range nvars=2 pins=0 body=[R] head=[C]
KM_ELC_CERT residual[243] range nvars=2 pins=0 body=[R] head=[C]
KM_ELC_CERT residual[244] range nvars=2 pins=0 body=[R] head=[C]
KM_ELC_CERT residual[245] range nvars=2 pins=0 body=[R] head=[C]
KM_ELC_CERT residual[246] range nvars=2 pins=0 body=[R] head=[C]
KM_ELC_CERT residual[247] range nvars=2 pins=0 body=[R] head=[C]
KM_ELC_CERT residual[248] range nvars=2 pins=0 body=[R] head=[C]
KM_ELC_CERT residual[249] range nvars=2 pins=0 body=[R] head=[C]
KM_ELC_CERT residual[250] range nvars=2 pins=0 body=[R] head=[C]
KM_ELC_CERT residual[251] range nvars=2 pins=0 body=[R] head=[C]
KM_ELC_CERT repair guidance: 27 pinned witness pair(s), 9 at-most bound(s), 9 partition-side concept(s)
KM_ELC_CERT repair pass 0: fork 1.83s (78367893 subsumptions, 43891310 edges)
KM_ELC_CERT repair pass 0 round 1: scan 1.59s from_clause=0 violations=100000 top_clauses=[(120, 99704), (116, 28), (119, 24), (118, 12), (0, 2), (1, 2)] (budget_left=399891258)
KM_ELC_CERT repair pass 0 round 1: close 0.45s setup 0.00s apply 0.13s t=2.2s (adds=99966, merges=1, card_demoted=0, subsumptions=78978158, edges=44171394)
KM_ELC_CERT repair pass 0 round 2: scan 1.61s from_clause=120 violations=100000 top_clauses=[(120, 100000)] (budget_left=399691550)
KM_ELC_CERT repair pass 0 round 2: close 0.02s setup 0.00s apply 0.13s t=3.9s (adds=199966, merges=1, card_demoted=0, subsumptions=79078160, edges=44171394)
KM_ELC_CERT repair pass 0 round 3: scan 1.63s from_clause=120 violations=100000 top_clauses=[(120, 100000)] (budget_left=399391841)
KM_ELC_CERT repair pass 0 round 3: close 0.02s setup 0.00s apply 0.14s t=5.8s (adds=299966, merges=1, card_demoted=0, subsumptions=79178160, edges=44171394)
KM_ELC_CERT repair pass 0 round 4: scan 1.65s from_clause=120 violations=100000 top_clauses=[(120, 69738), (127, 30226), (126, 24), (125, 12)] (budget_left=398990597)
KM_ELC_CERT repair pass 0 round 4: close 0.02s setup 0.00s apply 0.14s t=7.6s (adds=399932, merges=2, card_demoted=0, subsumptions=79278125, edges=44171390)
KM_ELC_CERT repair pass 0 round 5: scan 1.59s from_clause=127 violations=100000 top_clauses=[(127, 100000)] (budget_left=398860370)
KM_ELC_CERT repair pass 0 round 5: close 0.02s setup 0.00s apply 0.15s t=9.4s (adds=499932, merges=2, card_demoted=0, subsumptions=79378128, edges=44171390)
KM_ELC_CERT repair pass 0 round 6: scan 1.60s from_clause=127 violations=100000 top_clauses=[(127, 100000)] (budget_left=398630140)
KM_ELC_CERT repair pass 0 round 6: close 0.02s setup 0.00s apply 0.14s t=11.1s (adds=599932, merges=2, card_demoted=0, subsumptions=79478128, edges=44171390)
KM_ELC_CERT repair pass 0 round 7: scan 1.61s from_clause=127 violations=100000 top_clauses=[(127, 100000)] (budget_left=398299907)
KM_ELC_CERT repair pass 0 round 7: close 0.02s setup 0.00s apply 0.14s t=12.9s (adds=699932, merges=2, card_demoted=0, subsumptions=79578129, edges=44171390)
KM_ELC_CERT repair pass 0 round 8: scan 1.66s from_clause=127 violations=100000 top_clauses=[(134, 60749), (127, 39215), (133, 24), (132, 12)] (budget_left=397868320)
KM_ELC_CERT repair pass 0 round 8: close 0.02s setup 0.00s apply 0.14s t=14.8s (adds=799897, merges=3, card_demoted=0, subsumptions=79678093, edges=44171386)
KM_ELC_CERT repair pass 0 round 9: scan 1.59s from_clause=134 violations=100000 top_clauses=[(134, 100000)] (budget_left=397707570)
KM_ELC_CERT repair pass 0 round 9: close 0.03s setup 0.00s apply 0.14s t=16.5s (adds=899897, merges=3, card_demoted=0, subsumptions=79778096, edges=44171386)
KM_ELC_CERT repair pass 0 round 10: scan 1.63s from_clause=134 violations=100000 top_clauses=[(134, 100000)] (budget_left=397446815)
KM_ELC_CERT repair pass 0 round 10: close 0.02s setup 0.00s apply 0.16s t=18.4s (adds=999897, merges=3, card_demoted=0, subsumptions=79878098, edges=44171386)
KM_ELC_CERT repair pass 0 round 11: scan 1.64s from_clause=134 violations=100000 top_clauses=[(134, 100000)] (budget_left=397086058)
KM_ELC_CERT repair pass 0 round 11: close 0.02s setup 0.00s apply 0.13s t=20.2s (adds=1099897, merges=3, card_demoted=0, subsumptions=79978098, edges=44171386)
KM_ELC_CERT repair pass 0 round 12: scan 1.69s from_clause=134 violations=100000 top_clauses=[(145, 91201), (134, 8692), (143, 32), (144, 30), (140, 27), (141, 14)] (budget_left=396622914)
KM_ELC_CERT repair pass 0 round 12: close 0.55s setup 0.00s apply 0.14s t=22.6s (adds=1199846, merges=4, card_demoted=0, subsumptions=80195731, edges=44239845)
KM_ELC_CERT repair pass 0 round 13: scan 1.64s from_clause=145 violations=100000 top_clauses=[(145, 100000)] (budget_left=396431710)
KM_ELC_CERT repair pass 0 round 13: close 0.02s setup 0.00s apply 0.14s t=24.4s (adds=1299846, merges=4, card_demoted=0, subsumptions=80295735, edges=44239845)
KM_ELC_CERT repair pass 0 round 14: scan 1.68s from_clause=145 violations=100000 top_clauses=[(145, 100000)] (budget_left=396140501)
KM_ELC_CERT repair pass 0 round 14: close 0.02s setup 0.00s apply 0.14s t=26.3s (adds=1399846, merges=4, card_demoted=0, subsumptions=80395744, edges=44239845)
KM_ELC_CERT repair pass 0 round 15: scan 1.75s from_clause=145 violations=100000 top_clauses=[(145, 78238), (152, 19554), (151, 2106), (150, 102)] (budget_left=395430638)
KM_ELC_CERT repair pass 0 round 15: close 1.96s setup 0.00s apply 0.14s t=30.1s (adds=1497654, merges=16, card_demoted=0, subsumptions=81911364, edges=45054383)
KM_ELC_CERT repair pass 0 round 16: scan 1.86s from_clause=152 violations=100000 top_clauses=[(152, 100000)] (budget_left=395311077)
KM_ELC_CERT repair pass 0 round 16: close 0.02s setup 0.00s apply 0.14s t=32.2s (adds=1597650, merges=16, card_demoted=0, subsumptions=82011848, edges=45054960)
KM_ELC_CERT repair pass 0 round 17: scan 1.71s from_clause=152 violations=100000 top_clauses=[(152, 100000)] (budget_left=395091504)
KM_ELC_CERT repair pass 0 round 17: close 0.02s setup 0.00s apply 0.14s t=34.0s (adds=1697649, merges=16, card_demoted=0, subsumptions=82111860, edges=45054960)
KM_ELC_CERT repair pass 0 round 18: scan 1.71s from_clause=152 violations=100000 top_clauses=[(152, 100000)] (budget_left=394771923)
KM_ELC_CERT repair pass 0 round 18: close 0.02s setup 0.00s apply 0.14s t=35.9s (adds=1797649, merges=16, card_demoted=0, subsumptions=82211865, edges=45054960)
