{
  "automatic_results_sha256": "aac35cbbae3413cd72bdeb638f76a52c9b61242e27052622c2ac35bf81d62d3c",
  "baseline_release": "v0.2.12",
  "binary_sha256": "2b811f8586ee6e6775db5b6ed76f7d98eefd51519f21a9ca6ead06f0514eec99",
  "cpu_model": "Intel(R) Xeon(R) Gold 6248 CPU @ 2.50GHz",
  "mean_peak_mb": 451.2218950930628,
  "mean_wall_s": 4.46992064297801,
  "median_peak_mb": 38.98,
  "median_wall_s": 0.2272,
  "revision": "candidate-sequential-large-shi-bridge",
  "routes": {
    "cb_plain16": 2,
    "certified_card_nominals": 1,
    "certified_card_proxy_abox": 1,
    "certified_el_production": 5,
    "certified_nominals": 9,
    "elc": 273,
    "ht_bridge": 1,
    "ht_rules": 3,
    "mirror_private": 1,
    "nominal_ni_abox": 8,
    "nominal_ni_tbox": 1,
    "nominals": 50,
    "production_all": 237
  },
  "rows": 592,
  "status": {
    "error": 1,
    "ok": 591
  },
  "verdict": {
    "consistency_mismatch": 2,
    "error": 1,
    "match": 588,
    "nogold": 1
  }
}
